Component: ARM Compiler 5.06 update 6 (build 750) Tool: armlink [4d35ed]

==============================================================================

Section Cross References

    main.o(i.main) refers to delay.o(i.delay_init) for delay_init
    main.o(i.main) refers to misc.o(i.NVIC_PriorityGroupConfig) for NVIC_PriorityGroupConfig
    main.o(i.main) refers to usart.o(i.usart_init) for usart_init
    main.o(i.main) refers to config.o(i.TIM3_PWM_Init) for TIM3_PWM_Init
    main.o(i.main) refers to config.o(i.TIM2_Init) for TIM2_Init
    main.o(i.main) refers to config.o(i.DMA1_Init) for DMA1_Init
    main.o(i.main) refers to config.o(i.GPIOA_Init) for GPIOA_Init
    main.o(i.main) refers to config.o(i.Adc_Init) for Adc_Init
    main.o(i.main) refers to rtc.o(i.RTC_Init) for RTC_Init
    main.o(i.main) refers to oled.o(i.OLED_Init) for OLED_Init
    main.o(i.main) refers to oled.o(i.OLED_Clear) for OLED_Clear
    main.o(i.main) refers to oled.o(i.itoa) for itoa
    main.o(i.main) refers to strcat.o(.text) for strcat
    main.o(i.main) refers to oled.o(i.OLED_ShowString) for OLED_ShowString
    main.o(i.main) refers to oled.o(i.OLED_Refresh_Gram) for OLED_Refresh_Gram
    main.o(i.main) refers to delay.o(i.delay_ms) for delay_ms
    main.o(i.main) refers to config.o(.data) for PWM1value
    config.o(i.Adc_Init) refers to stm32f10x_rcc.o(i.RCC_APB2PeriphClockCmd) for RCC_APB2PeriphClockCmd
    config.o(i.Adc_Init) refers to stm32f10x_adc.o(i.ADC_Init) for ADC_Init
    config.o(i.Adc_Init) refers to stm32f10x_rcc.o(i.RCC_ADCCLKConfig) for RCC_ADCCLKConfig
    config.o(i.Adc_Init) refers to stm32f10x_adc.o(i.ADC_RegularChannelConfig) for ADC_RegularChannelConfig
    config.o(i.Adc_Init) refers to stm32f10x_adc.o(i.ADC_DMACmd) for ADC_DMACmd
    config.o(i.Adc_Init) refers to stm32f10x_adc.o(i.ADC_Cmd) for ADC_Cmd
    config.o(i.Adc_Init) refers to stm32f10x_adc.o(i.ADC_ResetCalibration) for ADC_ResetCalibration
    config.o(i.Adc_Init) refers to stm32f10x_adc.o(i.ADC_GetResetCalibrationStatus) for ADC_GetResetCalibrationStatus
    config.o(i.Adc_Init) refers to stm32f10x_adc.o(i.ADC_StartCalibration) for ADC_StartCalibration
    config.o(i.Adc_Init) refers to stm32f10x_adc.o(i.ADC_GetCalibrationStatus) for ADC_GetCalibrationStatus
    config.o(i.Adc_Init) refers to stm32f10x_adc.o(i.ADC_ExternalTrigConvCmd) for ADC_ExternalTrigConvCmd
    config.o(i.DMA1_Channel1_IRQHandler) refers to _printf_percent.o(.ARM.Collect$$_printf_percent$$00000000) for _printf_percent
    config.o(i.DMA1_Channel1_IRQHandler) refers to _printf_d.o(.ARM.Collect$$_printf_percent$$00000009) for _printf_d
    config.o(i.DMA1_Channel1_IRQHandler) refers to _printf_dec.o(.text) for _printf_int_dec
    config.o(i.DMA1_Channel1_IRQHandler) refers to stm32f10x_dma.o(i.DMA_GetITStatus) for DMA_GetITStatus
    config.o(i.DMA1_Channel1_IRQHandler) refers to fflt_clz.o(x$fpl$fflt) for __aeabi_i2f
    config.o(i.DMA1_Channel1_IRQHandler) refers to config.o(i.map) for map
    config.o(i.DMA1_Channel1_IRQHandler) refers to ffix.o(x$fpl$ffix) for __aeabi_f2iz
    config.o(i.DMA1_Channel1_IRQHandler) refers to noretval__2printf.o(.text) for __2printf
    config.o(i.DMA1_Channel1_IRQHandler) refers to stm32f10x_tim.o(i.TIM_SetCompare2) for TIM_SetCompare2
    config.o(i.DMA1_Channel1_IRQHandler) refers to stm32f10x_dma.o(i.DMA_ClearITPendingBit) for DMA_ClearITPendingBit
    config.o(i.DMA1_Channel1_IRQHandler) refers to config.o(.bss) for ch1Value
    config.o(i.DMA1_Channel1_IRQHandler) refers to config.o(.data) for PWM1value
    config.o(i.DMA1_Channel1_IRQHandler) refers to rtc.o(.bss) for calendar
    config.o(i.DMA1_Init) refers to stm32f10x_rcc.o(i.RCC_AHBPeriphClockCmd) for RCC_AHBPeriphClockCmd
    config.o(i.DMA1_Init) refers to stm32f10x_dma.o(i.DMA_DeInit) for DMA_DeInit
    config.o(i.DMA1_Init) refers to stm32f10x_dma.o(i.DMA_Init) for DMA_Init
    config.o(i.DMA1_Init) refers to stm32f10x_dma.o(i.DMA_ITConfig) for DMA_ITConfig
    config.o(i.DMA1_Init) refers to misc.o(i.NVIC_Init) for NVIC_Init
    config.o(i.DMA1_Init) refers to stm32f10x_dma.o(i.DMA_Cmd) for DMA_Cmd
    config.o(i.DMA1_Init) refers to config.o(.bss) for ch1Value
    config.o(i.GPIOA_Init) refers to stm32f10x_rcc.o(i.RCC_APB2PeriphClockCmd) for RCC_APB2PeriphClockCmd
    config.o(i.GPIOA_Init) refers to stm32f10x_gpio.o(i.GPIO_Init) for GPIO_Init
    config.o(i.Get_Adc) refers to stm32f10x_adc.o(i.ADC_RegularChannelConfig) for ADC_RegularChannelConfig
    config.o(i.Get_Adc) refers to stm32f10x_adc.o(i.ADC_SoftwareStartConvCmd) for ADC_SoftwareStartConvCmd
    config.o(i.Get_Adc) refers to stm32f10x_adc.o(i.ADC_GetFlagStatus) for ADC_GetFlagStatus
    config.o(i.Get_Adc) refers to stm32f10x_adc.o(i.ADC_GetConversionValue) for ADC_GetConversionValue
    config.o(i.Get_Adc_Average) refers to config.o(i.Get_Adc) for Get_Adc
    config.o(i.Get_Adc_Average) refers to delay.o(i.delay_ms) for delay_ms
[...]
    ../clib/angel/handlers.s                 0x00000000   Number         0  __scatter_zi.o ABSOLUTE
    ../clib/angel/kernel.s                   0x00000000   Number         0  rtexit2.o ABSOLUTE
    ../clib/angel/kernel.s                   0x00000000   Number         0  __rtentry2.o ABSOLUTE
    ../clib/angel/kernel.s                   0x00000000   Number         0  rtexit.o ABSOLUTE
    ../clib/angel/kernel.s                   0x00000000   Number         0  __rtentry4.o ABSOLUTE
    ../clib/angel/kernel.s                   0x00000000   Number         0  __rtentry.o ABSOLUTE
    ../clib/angel/rt.s                       0x00000000   Number         0  rt_raise.o ABSOLUTE
    ../clib/angel/scatter.s                  0x00000000   Number         0  __scatter.o ABSOLUTE
    ../clib/angel/startup.s                  0x00000000   Number         0  __main.o ABSOLUTE
    ../clib/angel/sys.s                      0x00000000   Number         0  indicate_semi.o ABSOLUTE
    ../clib/angel/sys.s                      0x00000000   Number         0  sys_stackheap_outer.o ABSOLUTE
    ../clib/angel/sys.s                      0x00000000   Number         0  libspace.o ABSOLUTE
    ../clib/angel/sys.s                      0x00000000   Number         0  use_no_semi_2.o ABSOLUTE
    ../clib/angel/sys.s                      0x00000000   Number         0  use_no_semi.o ABSOLUTE
    ../clib/angel/sysapp.c                   0x00000000   Number         0  sys_wrch.o ABSOLUTE
    ../clib/angel/sysapp.c                   0x00000000   Number         0  sys_command.o ABSOLUTE
    ../clib/armsys.c                         0x00000000   Number         0  argv_veneer.o ABSOLUTE
    ../clib/armsys.c                         0x00000000   Number         0  argv_veneer.o ABSOLUTE
    ../clib/armsys.c                         0x00000000   Number         0  no_argv.o ABSOLUTE
    ../clib/armsys.c                         0x00000000   Number         0  _get_argv_nomalloc.o ABSOLUTE
    ../clib/heapalloc.c                      0x00000000   Number         0  hrguard.o ABSOLUTE
    ../clib/heapaux.c                        0x00000000   Number         0  heapauxi.o ABSOLUTE
    ../clib/libinit.s                        0x00000000   Number         0  libinit2.o ABSOLUTE
    ../clib/libinit.s                        0x00000000   Number         0  libinit.o ABSOLUTE
    ../clib/libinit.s                        0x00000000   Number         0  libshutdown2.o ABSOLUTE
    ../clib/libinit.s                        0x00000000   Number         0  libshutdown.o ABSOLUTE
    ../clib/memcpset.s                       0x00000000   Number         0  rt_memcpy_w.o ABSOLUTE
    ../clib/printf.c                         0x00000000   Number         0  __printf_flags_ss.o ABSOLUTE
    ../clib/printf.c                         0x00000000   Number         0  __printf_wp.o ABSOLUTE
    ../clib/printf.c                         0x00000000   Number         0  __printf_flags_ss_wp.o ABSOLUTE
    ../clib/printf.c                         0x00000000   Number         0  _printf_char_common.o ABSOLUTE
    ../clib/printf.c                         0x00000000   Number         0  _printf_char_file.o ABSOLUTE
    ../clib/printf.c                         0x00000000   Number         0  _printf_intcommon.o ABSOLUTE
    ../clib/printf.c                         0x00000000   Number         0  __printf_nopercent.o ABSOLUTE
    ../clib/printf.c                         0x00000000   Number         0  __printf_ss.o ABSOLUTE
    ../clib/printf.c                         0x00000000   Number         0  __printf_flags.o ABSOLUTE
    ../clib/printf.c                         0x00000000   Number         0  __printf.o ABSOLUTE
    ../clib/printf.c                         0x00000000   Number         0  noretval__2printf.o ABSOLUTE
    ../clib/printf.c                         0x00000000   Number         0  __2printf.o ABSOLUTE
    ../clib/printf.c                         0x00000000   Number         0  __printf_ss_wp.o ABSOLUTE
    ../clib/printf.c                         0x00000000   Number         0  __printf_flags_wp.o ABSOLUTE
    ../clib/printf.c                         0x00000000   Number         0  _printf_dec.o ABSOLUTE
    ../clib/printf_percent.s                 0x00000000   Number         0  _printf_percent.o ABSOLUTE
    ../clib/printf_percent.s                 0x00000000   Number         0  _printf_d.o ABSOLUTE
    ../clib/printf_percent.s                 0x00000000   Number         0  _printf_percent_end.o ABSOLUTE
    ../clib/signal.c                         0x00000000   Number         0  defsig_rtmem_inner.o ABSOLUTE
    ../clib/signal.c                         0x00000000   Number         0  defsig_exit.o ABSOLUTE
    ../clib/signal.c                         0x00000000   Number         0  defsig_rtmem_formal.o ABSOLUTE
    ../clib/signal.c                         0x00000000   Number         0  defsig_rtmem_outer.o ABSOLUTE
    ../clib/signal.c                         0x00000000   Number         0  defsig_abrt_inner.o ABSOLUTE
    ../clib/signal.c                         0x00000000   Number         0  defsig_general.o ABSOLUTE
    ../clib/signal.c                         0x00000000   Number         0  __raise.o ABSOLUTE
    ../clib/signal.c                         0x00000000   Number         0  defsig_other.o ABSOLUTE
    ../clib/signal.c                         0x00000000   Number         0  defsig_segv_inner.o ABSOLUTE
    ../clib/signal.c                         0x00000000   Number         0  defsig_cppl_inner.o ABSOLUTE
    ../clib/signal.c                         0x00000000   Number         0  defsig_pvfn_inner.o ABSOLUTE
    ../clib/signal.c                         0x00000000   Number         0  defsig_stak_inner.o ABSOLUTE
    ../clib/signal.c                         0x00000000   Number         0  defsig_rtred_inner.o ABSOLUTE
    ../clib/signal.c                         0x00000000   Number         0  defsig_fpe_inner.o ABSOLUTE
    ../clib/signal.s                         0x00000000   Number         0  defsig.o ABSOLUTE
    ../clib/stdio.c                          0x00000000   Number         0  ferror.o ABSOLUTE
    ../clib/stdio.c                          0x00000000   Number         0  ferror_locked.o ABSOLUTE
    ../clib/stdlib.c                         0x00000000   Number         0  exit.o ABSOLUTE
    ../clib/string.c                         0x00000000   Number         0  strcat.o ABSOLUTE
    ../fplib/faddsub.s                       0x00000000   Number         0  faddsub_clz.o ABSOLUTE
    ../fplib/fdiv.s                          0x00000000   Number         0  fdiv.o ABSOLUTE
    ../fplib/ffix.s                          0x00000000   Number         0  ffix.o ABSOLUTE
    ../fplib/fflt.s                          0x00000000   Number         0  fflt_clz.o ABSOLUTE
    ../fplib/fmul.s                          0x00000000   Number         0  fmul.o ABSOLUTE
    ../fplib/fnaninf.s                       0x00000000   Number         0  fnaninf.o ABSOLUTE
    ../fplib/fpinit.s                        0x00000000   Number         0  fpinit.o ABSOLUTE
    ../fplib/fretinf.s                       0x00000000   Number         0  fretinf.o ABSOLUTE
    ../fplib/usenofp.s                       0x00000000   Number         0  usenofp.o ABSOLUTE
    Config\\config.c                         0x00000000   Number         0  config.o ABSOLUTE
    Config\\delay.c                          0x00000000   Number         0  delay.o ABSOLUTE
    Config\\oled.c                           0x00000000   Number         0  oled.o ABSOLUTE
    Config\\rtc.c                            0x00000000   Number         0  rtc.o ABSOLUTE
    Config\\sys.c                            0x00000000   Number         0  sys.o ABSOLUTE
    Config\\usart.c                          0x00000000   Number         0  usart.o ABSOLUTE
    Config\config.c                          0x00000000   Number         0  config.o ABSOLUTE
    Config\delay.c                           0x00000000   Number         0  delay.o ABSOLUTE
    Config\oled.c                            0x00000000   Number         0  oled.o ABSOLUTE
    Config\rtc.c                             0x00000000   Number         0  rtc.o ABSOLUTE
    Config\sys.c                             0x00000000   Number         0  sys.o ABSOLUTE
    Config\usart.c                           0x00000000   Number         0  usart.o ABSOLUTE
    RTE\Device\STM32F103C8\startup_stm32f10x_md.s 0x00000000   Number         0  startup_stm32f10x_md.o ABSOLUTE
    RTE\Device\STM32F103C8\system_stm32f10x.c 0x00000000   Number         0  system_stm32f10x.o ABSOLUTE
    RTE\\Device\\STM32F103C8\\system_stm32f10x.c 0x00000000   Number         0  system_stm32f10x.o ABSOLUTE
    User\\main.c                             0x00000000   Number         0  main.o ABSOLUTE
    User\main.c                              0x00000000   Number         0  main.o ABSOLUTE
    d:\Keil_v5\MDK\ARM\PACK\Keil\STM32F1xx_DFP\2.3.0\Device\StdPeriph_Driver\src\misc.c 0x00000000   Number         0  misc.o ABSOLUTE
    d:\Keil_v5\MDK\ARM\PACK\Keil\STM32F1xx_DFP\2.3.0\Device\StdPeriph_Driver\src\stm32f10x_adc.c 0x00000000   Number         0  stm32f10x_adc.o ABSOLUTE
    d:\Keil_v5\MDK\ARM\PACK\Keil\STM32F1xx_DFP\2.3.0\Device\StdPeriph_Driver\src\stm32f10x_bkp.c 0x00000000   Number         0  stm32f10x_bkp.o ABSOLUTE
    d:\Keil_v5\MDK\ARM\PACK\Keil\STM32F1xx_DFP\2.3.0\Device\StdPeriph_Driver\src\stm32f10x_dma.c 0x00000000   Number         0  stm32f10x_dma.o ABSOLUTE
    d:\Keil_v5\MDK\ARM\PACK\Keil\STM32F1xx_DFP\2.3.0\Device\StdPeriph_Driver\src\stm32f10x_fsmc.c 0x00000000   Number         0  stm32f10x_fsmc.o ABSOLUTE
    d:\Keil_v5\MDK\ARM\PACK\Keil\STM32F1xx_DFP\2.3.0\Device\StdPeriph_Driver\src\stm32f10x_gpio.c 0x00000000   Number         0  stm32f10x_gpio.o ABSOLUTE
    d:\Keil_v5\MDK\ARM\PACK\Keil\STM32F1xx_DFP\2.3.0\Device\StdPeriph_Driver\src\stm32f10x_i2c.c 0x00000000   Number         0  stm32f10x_i2c.o ABSOLUTE
    d:\Keil_v5\MDK\ARM\PACK\Keil\STM32F1xx_DFP\2.3.0\Device\StdPeriph_Driver\src\stm32f10x_pwr.c 0x00000000   Number         0  stm32f10x_pwr.o ABSOLUTE
    d:\Keil_v5\MDK\ARM\PACK\Keil\STM32F1xx_DFP\2.3.0\Device\StdPeriph_Driver\src\stm32f10x_rcc.c 0x00000000   Number         0  stm32f10x_rcc.o ABSOLUTE
    d:\Keil_v5\MDK\ARM\PACK\Keil\STM32F1xx_DFP\2.3.0\Device\StdPeriph_Driver\src\stm32f10x_rtc.c 0x00000000   Number         0  stm32f10x_rtc.o ABSOLUTE
    d:\Keil_v5\MDK\ARM\PACK\Keil\STM32F1xx_DFP\2.3.0\Device\StdPeriph_Driver\src\stm32f10x_tim.c 0x00000000   Number         0  stm32f10x_tim.o ABSOLUTE
    d:\Keil_v5\MDK\ARM\PACK\Keil\STM32F1xx_DFP\2.3.0\Device\StdPeriph_Driver\src\stm32f10x_usart.c 0x00000000   Number         0  stm32f10x_usart.o ABSOLUTE
    d:\\Keil_v5\\MDK\\ARM\\PACK\\Keil\\STM32F1xx_DFP\\2.3.0\\Device\\StdPeriph_Driver\\src\\misc.c 0x00000000   Number         0  misc.o ABSOLUTE
    d:\\Keil_v5\\MDK\\ARM\\PACK\\Keil\\STM32F1xx_DFP\\2.3.0\\Device\\StdPeriph_Driver\\src\\stm32f10x_adc.c 0x00000000   Number         0  stm32f10x_adc.o ABSOLUTE
    d:\\Keil_v5\\MDK\\ARM\\PACK\\Keil\\STM32F1xx_DFP\\2.3.0\\Device\\StdPeriph_Driver\\src\\stm32f10x_bkp.c 0x00000000   Number         0  stm32f10x_bkp.o ABSOLUTE
    d:\\Keil_v5\\MDK\\ARM\\PACK\\Keil\\STM32F1xx_DFP\\2.3.0\\Device\\StdPeriph_Driver\\src\\stm32f10x_dma.c 0x00000000   Number         0  stm32f10x_dma.o ABSOLUTE
    d:\\Keil_v5\\MDK\\ARM\\PACK\\Keil\\STM32F1xx_DFP\\2.3.0\\Device\\StdPeriph_Driver\\src\\stm32f10x_fsmc.c 0x00000000   Number         0  stm32f10x_fsmc.o ABSOLUTE
    d:\\Keil_v5\\MDK\\ARM\\PACK\\Keil\\STM32F1xx_DFP\\2.3.0\\Device\\StdPeriph_Driver\\src\\stm32f10x_gpio.c 0x00000000   Number         0  stm32f10x_gpio.o ABSOLUTE
    d:\\Keil_v5\\MDK\\ARM\\PACK\\Keil\\STM32F1xx_DFP\\2.3.0\\Device\\StdPeriph_Driver\\src\\stm32f10x_i2c.c 0x00000000   Number         0  stm32f10x_i2c.o ABSOLUTE
    d:\\Keil_v5\\MDK\\ARM\\PACK\\Keil\\STM32F1xx_DFP\\2.3.0\\Device\\StdPeriph_Driver\\src\\stm32f10x_pwr.c 0x00000000   Number         0  stm32f10x_pwr.o ABSOLUTE
    d:\\Keil_v5\\MDK\\ARM\\PACK\\Keil\\STM32F1xx_DFP\\2.3.0\\Device\\StdPeriph_Driver\\src\\stm32f10x_rcc.c 0x00000000   Number         0  stm32f10x_rcc.o ABSOLUTE
    d:\\Keil_v5\\MDK\\ARM\\PACK\\Keil\\STM32F1xx_DFP\\2.3.0\\Device\\StdPeriph_Driver\\src\\stm32f10x_rtc.c 0x00000000   Number         0  stm32f10x_rtc.o ABSOLUTE
    d:\\Keil_v5\\MDK\\ARM\\PACK\\Keil\\STM32F1xx_DFP\\2.3.0\\Device\\StdPeriph_Driver\\src\\stm32f10x_tim.c 0x00000000   Number         0  stm32f10x_tim.o ABSOLUTE
    d:\\Keil_v5\\MDK\\ARM\\PACK\\Keil\\STM32F1xx_DFP\\2.3.0\\Device\\StdPeriph_Driver\\src\\stm32f10x_usart.c 0x00000000   Number         0  stm32f10x_usart.o ABSOLUTE
    dc.s                                     0x00000000   Number         0  dc.o ABSOLUTE
    RESET                                    0x08000000   Section      236  startup_stm32f10x_md.o(RESET)
    !!!main                                  0x080000ec   Section        8  __main.o(!!!main)
    !!!scatter                               0x080000f4   Section       52  __scatter.o(!!!scatter)
    !!handler_copy                           0x08000128   Section       26  __scatter_copy.o(!!handler_copy)
    !!handler_zi                             0x08000144   Section       28  __scatter_zi.o(!!handler_zi)
    .ARM.Collect$$_printf_percent$$00000000  0x08000160   Section        0  _printf_percent.o(.ARM.Collect$$_printf_percent$$00000000)
    .ARM.Collect$$_printf_percent$$00000009  0x08000160   Section        6  _printf_d.o(.ARM.Collect$$_printf_percent$$00000009)
    .ARM.Collect$$_printf_percent$$00000017  0x08000166   Section        4  _printf_percent_end.o(.ARM.Collect$$_printf_percent$$00000017)
    .ARM.Collect$$libinit$$00000000          0x0800016a   Section        2  libinit.o(.ARM.Collect$$libinit$$00000000)
    .ARM.Collect$$libinit$$00000002          0x0800016c   Section        0  libinit2.o(.ARM.Collect$$libinit$$00000002)
    .ARM.Collect$$libinit$$00000004          0x0800016c   Section        0  libinit2.o(.ARM.Collect$$libinit$$00000004)
    .ARM.Collect$$libinit$$0000000A          0x0800016c   Section        0  libinit2.o(.ARM.Collect$$libinit$$0000000A)
    .ARM.Collect$$libinit$$0000000C          0x0800016c   Section        0  libinit2.o(.ARM.Collect$$libinit$$0000000C)
    .ARM.Collect$$libinit$$0000000E          0x0800016c   Section        0  libinit2.o(.ARM.Collect$$libinit$$0000000E)
    .ARM.Collect$$libinit$$00000011          0x0800016c   Section        0  libinit2.o(.ARM.Collect$$libinit$$00000011)
    .ARM.Collect$$libinit$$00000013          0x0800016c   Section        0  libinit2.o(.ARM.Collect$$libinit$$00000013)
    .ARM.Collect$$libinit$$00000015          0x0800016c   Section        0  libinit2.o(.ARM.Collect$$libinit$$00000015)
    .ARM.Collect$$libinit$$00000017          0x0800016c   Section        0  libinit2.o(.ARM.Collect$$libinit$$00000017)
    .ARM.Collect$$libinit$$00000019          0x0800016c   Section        0  libinit2.o(.ARM.Collect$$libinit$$00000019)
    .ARM.Collect$$libinit$$0000001B          0x0800016c   Section        0  libinit2.o(.ARM.Collect$$libinit$$0000001B)
    .ARM.Collect$$libinit$$0000001D          0x0800016c   Section        0  libinit2.o(.ARM.Collect$$libinit$$0000001D)
    .ARM.Collect$$libinit$$0000001F          0x0800016c   Section        0  libinit2.o(.ARM.Collect$$libinit$$0000001F)
    .ARM.Collect$$libinit$$00000021          0x0800016c   Section        0  libinit2.o(.ARM.Collect$$libinit$$00000021)
    .ARM.Collect$$libinit$$00000023          0x0800016c   Section        0  libinit2.o(.ARM.Collect$$libinit$$00000023)
    .ARM.Collect$$libinit$$00000025          0x0800016c   Section        0  libinit2.o(.ARM.Collect$$libinit$$00000025)
    .ARM.Collect$$libinit$$0000002C          0x0800016c   Section        0  libinit2.o(.ARM.Collect$$libinit$$0000002C)
    .ARM.Collect$$libinit$$0000002E          0x0800016c   Section        0  libinit2.o(.ARM.Collect$$libinit$$0000002E)
    .ARM.Collect$$libinit$$00000030          0x0800016c   Section        0  libinit2.o(.ARM.Collect$$libinit$$00000030)
    .ARM.Collect$$libinit$$00000032          0x0800016c   Section        0  libinit2.o(.ARM.Collect$$libinit$$00000032)
    .ARM.Collect$$libinit$$00000033          0x0800016c   Section        2  libinit2.o(.ARM.Collect$$libinit$$00000033)
    .ARM.Collect$$libshutdown$$00000000      0x0800016e   Section        2  libshutdown.o(.ARM.Collect$$libshutdown$$00000000)
    .ARM.Collect$$libshutdown$$00000002      0x08000170   Section        0  libshutdown2.o(.ARM.Collect$$libshutdown$$00000002)
    .ARM.Collect$$libshutdown$$00000004      0x08000170   Section        0  libshutdown2.o(.ARM.Collect$$libshutdown$$00000004)
    .ARM.Collect$$libshutdown$$00000007      0x08000170   Section        0  libshutdown2.o(.ARM.Collect$$libshutdown$$00000007)
    .ARM.Collect$$libshutdown$$0000000A      0x08000170   Section        0  libshutdown2.o(.ARM.Collect$$libshutdown$$0000000A)
    .ARM.Collect$$libshutdown$$0000000C      0x08000170   Section        0  libshutdown2.o(.ARM.Collect$$libshutdown$$0000000C)
    .ARM.Collect$$libshutdown$$0000000F      0x08000170   Section        0  libshutdown2.o(.ARM.Collect$$libshutdown$$0000000F)
    .ARM.Collect$$libshutdown$$00000010      0x08000170   Section        2  libshutdown2.o(.ARM.Collect$$libshutdown$$00000010)
    .ARM.Collect$$rtentry$$00000000          0x08000172   Section        0  __rtentry.o(.ARM.Collect$$rtentry$$00000000)
    .ARM.Collect$$rtentry$$00000002          0x08000172   Section        0  __rtentry2.o(.ARM.Collect$$rtentry$$00000002)
    .ARM.Collect$$rtentry$$00000004          0x08000172   Section        6  __rtentry4.o(.ARM.Collect$$rtentry$$00000004)
    .ARM.Collect$$rtentry$$00000009          0x08000178   Section        0  __rtentry2.o(.ARM.Collect$$rtentry$$00000009)
    .ARM.Collect$$rtentry$$0000000A          0x08000178   Section        4  __rtentry2.o(.ARM.Collect$$rtentry$$0000000A)
    .ARM.Collect$$rtentry$$0000000C          0x0800017c   Section        0  __rtentry2.o(.ARM.Collect$$rtentry$$0000000C)
    .ARM.Collect$$rtentry$$0000000D          0x0800017c   Section        8  __rtentry2.o(.ARM.Collect$$rtentry$$0000000D)
    .ARM.Collect$$rtexit$$00000000           0x08000184   Section        2  rtexit.o(.ARM.Collect$$rtexit$$00000000)
    .ARM.Collect$$rtexit$$00000002           0x08000186   Section        0  rtexit2.o(.ARM.Collect$$rtexit$$00000002)
    .ARM.Collect$$rtexit$$00000003           0x08000186   Section        4  rtexit2.o(.ARM.Collect$$rtexit$$00000003)
    .ARM.Collect$$rtexit$$00000004           0x0800018a   Section        6  rtexit2.o(.ARM.Collect$$rtexit$$00000004)
    .text                                    0x08000190   Section       64  startup_stm32f10x_md.o(.text)
    .text                                    0x080001d0   Section        2  use_no_semi_2.o(.text)
    .text                                    0x080001d4   Section        0  noretval__2printf.o(.text)
    .text                                    0x080001ec   Section        0  __printf.o(.text)
    .text                                    0x08000254   Section        0  _printf_dec.o(.text)
    .text                                    0x080002cc   Section        0  strcat.o(.text)
    .text                                    0x080002e4   Section      100  rt_memcpy_w.o(.text)
    .text                                    0x08000348   Section        0  heapauxi.o(.text)
    .text                                    0x0800034e   Section        2  use_no_semi.o(.text)
    .text                                    0x08000350   Section        0  _printf_intcommon.o(.text)
    .text                                    0x08000404   Section        0  _printf_char_file.o(.text)
    .text                                    0x08000428   Section        0  _printf_char_common.o(.text)
    _printf_input_char                       0x08000429   Thumb Code    10  _printf_char_common.o(.text)
    .text                                    0x08000458   Section        0  ferror.o(.text)
    .text                                    0x08000460   Section       74  sys_stackheap_outer.o(.text)
    .text                                    0x080004aa   Section        0  exit.o(.text)
    .text                                    0x080004bc   Section        8  libspace.o(.text)
    i.ADC_Cmd                                0x080004c4   Section        0  stm32f10x_adc.o(i.ADC_Cmd)
    i.ADC_DMACmd                             0x080004da   Section        0  stm32f10x_adc.o(i.ADC_DMACmd)
    i.ADC_ExternalTrigConvCmd                0x080004f0   Section        0  stm32f10x_adc.o(i.ADC_ExternalTrigConvCmd)
    i.ADC_GetCalibrationStatus               0x08000506   Section        0  stm32f10x_adc.o(i.ADC_GetCalibrationStatus)
    i.ADC_GetResetCalibrationStatus          0x0800051a   Section        0  stm32f10x_adc.o(i.ADC_GetResetCalibrationStatus)
    i.ADC_Init                               0x08000530   Section        0  stm32f10x_adc.o(i.ADC_Init)
    i.ADC_RegularChannelConfig               0x08000580   Section        0  stm32f10x_adc.o(i.ADC_RegularChannelConfig)
    i.ADC_ResetCalibration                   0x08000638   Section        0  stm32f10x_adc.o(i.ADC_ResetCalibration)
    i.ADC_StartCalibration                   0x08000642   Section        0  stm32f10x_adc.o(i.ADC_StartCalibration)
    i.Adc_Init                               0x0800064c   Section        0  config.o(i.Adc_Init)
    i.BKP_DeInit                             0x080006d4   Section        0  stm32f10x_bkp.o(i.BKP_DeInit)
    i.BKP_ReadBackupRegister                 0x080006e4   Section        0  stm32f10x_bkp.o(i.BKP_ReadBackupRegister)
    i.BKP_WriteBackupRegister                0x08000700   Section        0  stm32f10x_bkp.o(i.BKP_WriteBackupRegister)
    i.DMA1_Channel1_IRQHandler               0x0800071c   Section        0  config.o(i.DMA1_Channel1_IRQHandler)
    i.DMA1_Init                              0x080007c8   Section        0  config.o(i.DMA1_Init)
    i.DMA_ClearITPendingBit                  0x0800084c   Section        0  stm32f10x_dma.o(i.DMA_ClearITPendingBit)
    i.DMA_Cmd                                0x08000868   Section        0  stm32f10x_dma.o(i.DMA_Cmd)
    i.DMA_DeInit                             0x08000880   Section        0  stm32f10x_dma.o(i.DMA_DeInit)
    i.DMA_GetITStatus                        0x080009cc   Section        0  stm32f10x_dma.o(i.DMA_GetITStatus)
    i.DMA_ITConfig                           0x080009f8   Section        0  stm32f10x_dma.o(i.DMA_ITConfig)
    i.DMA_Init                               0x08000a0a   Section        0  stm32f10x_dma.o(i.DMA_Init)
    i.GPIOA_Init                             0x08000a48   Section        0  config.o(i.GPIOA_Init)
    i.GPIO_Init                              0x08000a74   Section        0  stm32f10x_gpio.o(i.GPIO_Init)
    i.GPIO_PinRemapConfig                    0x08000b8c   Section        0  stm32f10x_gpio.o(i.GPIO_PinRemapConfig)
    i.GPIO_ResetBits                         0x08000c1c   Section        0  stm32f10x_gpio.o(i.GPIO_ResetBits)
    i.GPIO_SetBits                           0x08000c20   Section        0  stm32f10x_gpio.o(i.GPIO_SetBits)
    i.IIC_Start                              0x08000c24   Section        0  oled.o(i.IIC_Start)
    i.IIC_Stop                               0x08000c54   Section        0  oled.o(i.IIC_Stop)
    i.IIC_Wait_Ack                           0x08000c7c   Section        0  oled.o(i.IIC_Wait_Ack)
    i.Is_Leap_Year                           0x08000c98   Section        0  rtc.o(i.Is_Leap_Year)
    i.NVIC_Init                              0x08000cd4   Section        0  misc.o(i.NVIC_Init)
    i.NVIC_PriorityGroupConfig               0x08000d44   Section        0  misc.o(i.NVIC_PriorityGroupConfig)
    i.OLED_Clear                             0x08000d58   Section        0  oled.o(i.OLED_Clear)
    i.OLED_DrawPoint                         0x08000d98   Section        0  oled.o(i.OLED_DrawPoint)
    i.OLED_Init                              0x08000e00   Section        0  oled.o(i.OLED_Init)
    i.OLED_Refresh_Gram                      0x08000f20   Section        0  oled.o(i.OLED_Refresh_Gram)
    i.OLED_ShowChar                          0x08000f68   Section        0  oled.o(i.OLED_ShowChar)
    i.OLED_ShowString                        0x08001074   Section        0  oled.o(i.OLED_ShowString)
    i.OLED_WR_Byte                           0x080010d2   Section        0  oled.o(i.OLED_WR_Byte)
    i.PWR_BackupAccessCmd                    0x080010ec   Section        0  stm32f10x_pwr.o(i.PWR_BackupAccessCmd)
    i.RCC_ADCCLKConfig                       0x080010f8   Section        0  stm32f10x_rcc.o(i.RCC_ADCCLKConfig)
    i.RCC_AHBPeriphClockCmd                  0x08001110   Section        0  stm32f10x_rcc.o(i.RCC_AHBPeriphClockCmd)
    i.RCC_APB1PeriphClockCmd                 0x08001130   Section        0  stm32f10x_rcc.o(i.RCC_APB1PeriphClockCmd)
    i.RCC_APB1PeriphResetCmd                 0x08001150   Section        0  stm32f10x_rcc.o(i.RCC_APB1PeriphResetCmd)
    i.RCC_APB2PeriphClockCmd                 0x08001170   Section        0  stm32f10x_rcc.o(i.RCC_APB2PeriphClockCmd)
    i.RCC_APB2PeriphResetCmd                 0x08001190   Section        0  stm32f10x_rcc.o(i.RCC_APB2PeriphResetCmd)
    i.RCC_BackupResetCmd                     0x080011b0   Section        0  stm32f10x_rcc.o(i.RCC_BackupResetCmd)
    i.RCC_GetClocksFreq                      0x080011bc   Section        0  stm32f10x_rcc.o(i.RCC_GetClocksFreq)
    i.RCC_GetFlagStatus                      0x08001290   Section        0  stm32f10x_rcc.o(i.RCC_GetFlagStatus)
    i.RCC_LSEConfig                          0x080012cc   Section        0  stm32f10x_rcc.o(i.RCC_LSEConfig)
    i.RCC_RTCCLKCmd                          0x08001300   Section        0  stm32f10x_rcc.o(i.RCC_RTCCLKCmd)
    i.RCC_RTCCLKConfig                       0x0800130c   Section        0  stm32f10x_rcc.o(i.RCC_RTCCLKConfig)
    i.RTC_ClearITPendingBit                  0x0800131c   Section        0  stm32f10x_rtc.o(i.RTC_ClearITPendingBit)
    i.RTC_EnterConfigMode                    0x0800132c   Section        0  stm32f10x_rtc.o(i.RTC_EnterConfigMode)
    i.RTC_ExitConfigMode                     0x08001340   Section        0  stm32f10x_rtc.o(i.RTC_ExitConfigMode)
    i.RTC_Get                                0x08001354   Section        0  rtc.o(i.RTC_Get)
    i.RTC_GetCounter                         0x08001458   Section        0  stm32f10x_rtc.o(i.RTC_GetCounter)
    i.RTC_GetITStatus                        0x0800146c   Section        0  stm32f10x_rtc.o(i.RTC_GetITStatus)
    i.RTC_Get_Week                           0x08001490   Section        0  rtc.o(i.RTC_Get_Week)
    i.RTC_IRQHandler                         0x08001508   Section        0  rtc.o(i.RTC_IRQHandler)
    i.RTC_ITConfig                           0x08001578   Section        0  stm32f10x_rtc.o(i.RTC_ITConfig)
    i.RTC_Init                               0x08001598   Section        0  rtc.o(i.RTC_Init)
    i.RTC_NVIC_Config                        0x08001658   Section        0  rtc.o(i.RTC_NVIC_Config)
    RTC_NVIC_Config                          0x08001659   Thumb Code    32  rtc.o(i.RTC_NVIC_Config)
    i.RTC_Set                                0x08001678   Section        0  rtc.o(i.RTC_Set)
    i.RTC_SetCounter                         0x08001740   Section        0  stm32f10x_rtc.o(i.RTC_SetCounter)
    i.RTC_SetPrescaler                       0x0800175c   Section        0  stm32f10x_rtc.o(i.RTC_SetPrescaler)
    i.RTC_WaitForLastTask                    0x0800177c   Section        0  stm32f10x_rtc.o(i.RTC_WaitForLastTask)
    i.RTC_WaitForSynchro                     0x08001790   Section        0  stm32f10x_rtc.o(i.RTC_WaitForSynchro)
    i.SetSysClock                            0x080017b4   Section        0  system_stm32f10x.o(i.SetSysClock)
    SetSysClock                              0x080017b5   Thumb Code     8  system_stm32f10x.o(i.SetSysClock)
    i.SetSysClockTo72                        0x080017bc   Section        0  system_stm32f10x.o(i.SetSysClockTo72)
    SetSysClockTo72                          0x080017bd   Thumb Code   214  system_stm32f10x.o(i.SetSysClockTo72)
    i.SysTick_CLKSourceConfig                0x0800189c   Section        0  misc.o(i.SysTick_CLKSourceConfig)
    i.SystemInit                             0x080018c4   Section        0  system_stm32f10x.o(i.SystemInit)
    i.TIM2_Init                              0x08001924   Section        0  config.o(i.TIM2_Init)
    i.TIM3_PWM_Init                          0x08001984   Section        0  config.o(i.TIM3_PWM_Init)
    i.TIM_Cmd                                0x08001a14   Section        0  stm32f10x_tim.o(i.TIM_Cmd)
    i.TIM_CtrlPWMOutputs                     0x08001a2c   Section        0  stm32f10x_tim.o(i.TIM_CtrlPWMOutputs)
    i.TIM_OC2Init                            0x08001a4c   Section        0  stm32f10x_tim.o(i.TIM_OC2Init)
    i.TIM_OC2PreloadConfig                   0x08001af0   Section        0  stm32f10x_tim.o(i.TIM_OC2PreloadConfig)
    i.TIM_SetCompare2                        0x08001b0a   Section        0  stm32f10x_tim.o(i.TIM_SetCompare2)
    i.TIM_TimeBaseInit                       0x08001b10   Section        0  stm32f10x_tim.o(i.TIM_TimeBaseInit)
    i.USART1_IRQHandler                      0x08001bb4   Section        0  usart.o(i.USART1_IRQHandler)
    i.USART_Cmd                              0x08001c3c   Section        0  stm32f10x_usart.o(i.USART_Cmd)
    i.USART_DeInit                           0x08001c54   Section        0  stm32f10x_usart.o(i.USART_DeInit)
    i.USART_GetITStatus                      0x08001cf0   Section        0  stm32f10x_usart.o(i.USART_GetITStatus)
    i.USART_ITConfig                         0x08001d44   Section        0  stm32f10x_usart.o(i.USART_ITConfig)
    i.USART_Init                             0x08001d90   Section        0  stm32f10x_usart.o(i.USART_Init)
    i.USART_ReceiveData                      0x08001e68   Section        0  stm32f10x_usart.o(i.USART_ReceiveData)
    i.Write_IIC_Byte                         0x08001e74   Section        0  oled.o(i.Write_IIC_Byte)
    i.Write_IIC_Command                      0x08001ed0   Section        0  oled.o(i.Write_IIC_Command)
    i.Write_IIC_Data                         0x08001efc   Section        0  oled.o(i.Write_IIC_Data)
    i._sys_exit                              0x08001f28   Section        0  usart.o(i._sys_exit)
    i.delay_init                             0x08001f2c   Section        0  delay.o(i.delay_init)
    i.delay_ms                               0x08001f70   Section        0  delay.o(i.delay_ms)
    i.fputc                                  0x08001fbc   Section        0  usart.o(i.fputc)
    i.itoa                                   0x08001fd8   Section        0  oled.o(i.itoa)
    i.main                                   0x08002098   Section        0  main.o(i.main)
    i.map                                    0x0800211c   Section        0  config.o(i.map)
    i.usart_init                             0x08002164   Section        0  usart.o(i.usart_init)
    x$fpl$fadd                               0x08002210   Section      196  faddsub_clz.o(x$fpl$fadd)
    _fadd1                                   0x0800221f   Thumb Code     0  faddsub_clz.o(x$fpl$fadd)
    x$fpl$fdiv                               0x080022d4   Section      388  fdiv.o(x$fpl$fdiv)
    _fdiv1                                   0x080022d5   Thumb Code     0  fdiv.o(x$fpl$fdiv)
    x$fpl$ffix                               0x08002458   Section       54  ffix.o(x$fpl$ffix)
    x$fpl$fflt                               0x08002490   Section       48  fflt_clz.o(x$fpl$fflt)
    x$fpl$fmul                               0x080024c0   Section      258  fmul.o(x$fpl$fmul)
    x$fpl$fnaninf                            0x080025c2   Section      140  fnaninf.o(x$fpl$fnaninf)
    x$fpl$fretinf                            0x0800264e   Section       10  fretinf.o(x$fpl$fretinf)
    x$fpl$fsub                               0x08002658   Section      234  faddsub_clz.o(x$fpl$fsub)
    _fsub1                                   0x08002667   Thumb Code     0  faddsub_clz.o(x$fpl$fsub)
    .constdata                               0x08002742   Section     8152  oled.o(.constdata)
    x$fpl$usenofp                            0x08002742   Section        0  usenofp.o(x$fpl$usenofp)
    .constdata                               0x0800471a   Section       24  rtc.o(.constdata)
    .data                                    0x20000000   Section        2  config.o(.data)
    .data                                    0x20000002   Section        4  delay.o(.data)
    fac_us                                   0x20000002   Data           1  delay.o(.data)
    fac_ms                                   0x20000004   Data           2  delay.o(.data)
    .data                                    0x20000008   Section        6  usart.o(.data)
    .data                                    0x2000000e   Section        2  rtc.o(.data)
    daycnt                                   0x2000000e   Data           2  rtc.o(.data)
    .data                                    0x20000010   Section       20  system_stm32f10x.o(.data)
    .data                                    0x20000024   Section       20  stm32f10x_rcc.o(.data)
    APBAHBPrescTable                         0x20000024   Data          16  stm32f10x_rcc.o(.data)
    ADCPrescTable                            0x20000034   Data           4  stm32f10x_rcc.o(.data)
    .bss                                     0x20000038   Section       20  config.o(.bss)
    .bss                                     0x2000004c   Section      200  usart.o(.bss)
    .bss                                     0x20000114   Section     1024  oled.o(.bss)
    .bss                                     0x20000514   Section       10  rtc.o(.bss)
    .bss                                     0x20000520   Section       96  libspace.o(.bss)
    HEAP                                     0x20000580   Section      512  startup_stm32f10x_md.o(HEAP)
    Heap_Mem                                 0x20000580   Data         512  startup_stm32f10x_md.o(HEAP)
    STACK                                    0x20000780   Section     1024  startup_stm32f10x_md.o(STACK)
    Stack_Mem                                0x20000780   Data        1024  startup_stm32f10x_md.o(STACK)
    __initial_sp                             0x20000b80   Data           0  startup_stm32f10x_md.o(STACK)

    Global Symbols

    Symbol Name                              Value     Ov Type        Size  Object(Section)

    BuildAttributes$$THM_ISAv4$P$D$K$B$S$PE$A:L22UL41UL21$X:L11$S22US41US21$IEEE1$IW$USESV6$~STKCKD$USESV7$~SHL$OSPACE$ROPI$EBA8$UX$STANDARDLIB$REQ8$PRES8$EABIv2 0x00000000   Number         0  anon$$obj.o ABSOLUTE
    __ARM_use_no_argv                        0x00000000   Number         0  main.o ABSOLUTE
    __ARM_exceptions_init                     - Undefined Weak Reference
    __alloca_initialize                       - Undefined Weak Reference
    __arm_preinit_                            - Undefined Weak Reference
    __cpp_initialize__aeabi_                  - Undefined Weak Reference
    __cxa_finalize                            - Undefined Weak Reference
    __rt_locale                               - Undefined Weak Reference
    __sigvec_lookup                           - Undefined Weak Reference
    _atexit_init                              - Undefined Weak Reference
    _call_atexit_fns                          - Undefined Weak Reference
    _clock_init                               - Undefined Weak Reference
    _fp_trap_init                             - Undefined Weak Reference
    _fp_trap_shutdown                         - Undefined Weak Reference
    _get_lc_collate                           - Undefined Weak Reference
    _get_lc_ctype                             - Undefined Weak Reference
    _get_lc_monetary                          - Undefined Weak Reference
    _get_lc_numeric                           - Undefined Weak Reference
    _get_lc_time                              - Undefined Weak Reference
    _getenv_init                              - Undefined Weak Reference
    _handle_redirection                       - Undefined Weak Reference
    _init_alloc                               - Undefined Weak Reference
    _init_user_alloc                          - Undefined Weak Reference
    _initio                                   - Undefined Weak Reference
    _mutex_acquire                            - Undefined Weak Reference
    _mutex_release                            - Undefined Weak Reference
    _printf_post_padding                      - Undefined Weak Reference
    _printf_pre_padding                       - Undefined Weak Reference
    _printf_truncate_signed                   - Undefined Weak Reference
    _printf_truncate_unsigned                 - Undefined Weak Reference
    _rand_init                                - Undefined Weak Reference
    _signal_finish                            - Undefined Weak Reference
    _signal_init                              - Undefined Weak Reference
    _terminate_alloc                          - Undefined Weak Reference
    _terminate_user_alloc                     - Undefined Weak Reference
    _terminateio                              - Undefined Weak Reference
    __Vectors_Size                           0x000000ec   Number         0  startup_stm32f10x_md.o ABSOLUTE
    __Vectors                                0x08000000   Data           4  startup_stm32f10x_md.o(RESET)
    __Vectors_End                            0x080000ec   Data           0  startup_stm32f10x_md.o(RESET)
    __main                                   0x080000ed   Thumb Code     8  __main.o(!!!main)
    __scatterload                            0x080000f5   Thumb Code     0  __scatter.o(!!!scatter)
    __scatterload_rt2                        0x080000f5   Thumb Code    44  __scatter.o(!!!scatter)
    __scatterload_rt2_thumb_only             0x080000f5   Thumb Code     0  __scatter.o(!!!scatter)
    __scatterload_null                       0x08000103   Thumb Code     0  __scatter.o(!!!scatter)
    __scatterload_copy                       0x08000129   Thumb Code    26  __scatter_copy.o(!!handler_copy)
    __scatterload_zeroinit                   0x08000145   Thumb Code    28  __scatter_zi.o(!!handler_zi)
    _printf_d                                0x08000161   Thumb Code     0  _printf_d.o(.ARM.Collect$$_printf_percent$$00000009)
    _printf_percent                          0x08000161   Thumb Code     0  _printf_percent.o(.ARM.Collect$$_printf_percent$$00000000)
    _printf_percent_end                      0x08000167   Thumb Code     0  _printf_percent_end.o(.ARM.Collect$$_printf_percent$$00000017)
    __rt_lib_init                            0x0800016b   Thumb Code     0  libinit.o(.ARM.Collect$$libinit$$00000000)
    __rt_lib_init_alloca_1                   0x0800016d   Thumb Code     0  libinit2.o(.ARM.Collect$$libinit$$0000002E)
    __rt_lib_init_argv_1                     0x0800016d   Thumb Code     0  libinit2.o(.ARM.Collect$$libinit$$0000002C)
    __rt_lib_init_atexit_1                   0x0800016d   Thumb Code     0  libinit2.o(.ARM.Collect$$libinit$$0000001B)
    __rt_lib_init_clock_1                    0x0800016d   Thumb Code     0  libinit2.o(.ARM.Collect$$libinit$$00000021)
    __rt_lib_init_cpp_1                      0x0800016d   Thumb Code     0  libinit2.o(.ARM.Collect$$libinit$$00000032)
    __rt_lib_init_exceptions_1               0x0800016d   Thumb Code     0  libinit2.o(.ARM.Collect$$libinit$$00000030)
    __rt_lib_init_fp_1                       0x0800016d   Thumb Code     0  libinit2.o(.ARM.Collect$$libinit$$00000002)
    __rt_lib_init_fp_trap_1                  0x0800016d   Thumb Code     0  libinit2.o(.ARM.Collect$$libinit$$0000001F)
    __rt_lib_init_getenv_1                   0x0800016d   Thumb Code     0  libinit2.o(.ARM.Collect$$libinit$$00000023)
    __rt_lib_init_heap_1                     0x0800016d   Thumb Code     0  libinit2.o(.ARM.Collect$$libinit$$0000000A)
    __rt_lib_init_lc_collate_1               0x0800016d   Thumb Code     0  libinit2.o(.ARM.Collect$$libinit$$00000011)
    __rt_lib_init_lc_ctype_1                 0x0800016d   Thumb Code     0  libinit2.o(.ARM.Collect$$libinit$$00000013)
    __rt_lib_init_lc_monetary_1              0x0800016d   Thumb Code     0  libinit2.o(.ARM.Collect$$libinit$$00000015)
    __rt_lib_init_lc_numeric_1               0x0800016d   Thumb Code     0  libinit2.o(.ARM.Collect$$libinit$$00000017)
    __rt_lib_init_lc_time_1                  0x0800016d   Thumb Code     0  libinit2.o(.ARM.Collect$$libinit$$00000019)
    __rt_lib_init_preinit_1                  0x0800016d   Thumb Code     0  libinit2.o(.ARM.Collect$$libinit$$00000004)
    __rt_lib_init_rand_1                     0x0800016d   Thumb Code     0  libinit2.o(.ARM.Collect$$libinit$$0000000E)
    __rt_lib_init_return                     0x0800016d   Thumb Code     0  libinit2.o(.ARM.Collect$$libinit$$00000033)
    __rt_lib_init_signal_1                   0x0800016d   Thumb Code     0  libinit2.o(.ARM.Collect$$libinit$$0000001D)
    __rt_lib_init_stdio_1                    0x0800016d   Thumb Code     0  libinit2.o(.ARM.Collect$$libinit$$00000025)
    __rt_lib_init_user_alloc_1               0x0800016d   Thumb Code     0  libinit2.o(.ARM.Collect$$libinit$$0000000C)
    __rt_lib_shutdown                        0x0800016f   Thumb Code     0  libshutdown.o(.ARM.Collect$$libshutdown$$00000000)
    __rt_lib_shutdown_cpp_1                  0x08000171   Thumb Code     0  libshutdown2.o(.ARM.Collect$$libshutdown$$00000002)
    __rt_lib_shutdown_fp_trap_1              0x08000171   Thumb Code     0  libshutdown2.o(.ARM.Collect$$libshutdown$$00000007)
    __rt_lib_shutdown_heap_1                 0x08000171   Thumb Code     0  libshutdown2.o(.ARM.Collect$$libshutdown$$0000000F)
    __rt_lib_shutdown_return                 0x08000171   Thumb Code     0  libshutdown2.o(.ARM.Collect$$libshutdown$$00000010)
    __rt_lib_shutdown_signal_1               0x08000171   Thumb Code     0  libshutdown2.o(.ARM.Collect$$libshutdown$$0000000A)
    __rt_lib_shutdown_stdio_1                0x08000171   Thumb Code     0  libshutdown2.o(.ARM.Collect$$libshutdown$$00000004)
    __rt_lib_shutdown_user_alloc_1           0x08000171   Thumb Code     0  libshutdown2.o(.ARM.Collect$$libshutdown$$0000000C)
    __rt_entry                               0x08000173   Thumb Code     0  __rtentry.o(.ARM.Collect$$rtentry$$00000000)
    __rt_entry_presh_1                       0x08000173   Thumb Code     0  __rtentry2.o(.ARM.Collect$$rtentry$$00000002)
    __rt_entry_sh                            0x08000173   Thumb Code     0  __rtentry4.o(.ARM.Collect$$rtentry$$00000004)
    __rt_entry_li                            0x08000179   Thumb Code     0  __rtentry2.o(.ARM.Collect$$rtentry$$0000000A)
    __rt_entry_postsh_1                      0x08000179   Thumb Code     0  __rtentry2.o(.ARM.Collect$$rtentry$$00000009)
    __rt_entry_main                          0x0800017d   Thumb Code     0  __rtentry2.o(.ARM.Collect$$rtentry$$0000000D)
    __rt_entry_postli_1                      0x0800017d   Thumb Code     0  __rtentry2.o(.ARM.Collect$$rtentry$$0000000C)
    __rt_exit                                0x08000185   Thumb Code     0  rtexit.o(.ARM.Collect$$rtexit$$00000000)
    __rt_exit_ls                             0x08000187   Thumb Code     0  rtexit2.o(.ARM.Collect$$rtexit$$00000003)
    __rt_exit_prels_1                        0x08000187   Thumb Code     0  rtexit2.o(.ARM.Collect$$rtexit$$00000002)
    __rt_exit_exit                           0x0800018b   Thumb Code     0  rtexit2.o(.ARM.Collect$$rtexit$$00000004)
    Reset_Handler                            0x08000191   Thumb Code     8  startup_stm32f10x_md.o(.text)
    NMI_Handler                              0x08000199   Thumb Code     2  startup_stm32f10x_md.o(.text)
    HardFault_Handler                        0x0800019b   Thumb Code     2  startup_stm32f10x_md.o(.text)
    MemManage_Handler                        0x0800019d   Thumb Code     2  startup_stm32f10x_md.o(.text)
    BusFault_Handler                         0x0800019f   Thumb Code     2  startup_stm32f10x_md.o(.text)
    UsageFault_Handler                       0x080001a1   Thumb Code     2  startup_stm32f10x_md.o(.text)
    SVC_Handler                              0x080001a3   Thumb Code     2  startup_stm32f10x_md.o(.text)
    DebugMon_Handler                         0x080001a5   Thumb Code     2  startup_stm32f10x_md.o(.text)
    PendSV_Handler                           0x080001a7   Thumb Code     2  startup_stm32f10x_md.o(.text)
    SysTick_Handler                          0x080001a9   Thumb Code     2  startup_stm32f10x_md.o(.text)
    ADC1_2_IRQHandler                        0x080001ab   Thumb Code     0  startup_stm32f10x_md.o(.text)
    CAN1_RX1_IRQHandler                      0x080001ab   Thumb Code     0  startup_stm32f10x_md.o(.text)
    CAN1_SCE_IRQHandler                      0x080001ab   Thumb Code     0  startup_stm32f10x_md.o(.text)
    DMA1_Channel2_IRQHandler                 0x080001ab   Thumb Code     0  startup_stm32f10x_md.o(.text)
    DMA1_Channel3_IRQHandler                 0x080001ab   Thumb Code     0  startup_stm32f10x_md.o(.text)
    DMA1_Channel4_IRQHandler                 0x080001ab   Thumb Code     0  startup_stm32f10x_md.o(.text)
    DMA1_Channel5_IRQHandler                 0x080001ab   Thumb Code     0  startup_stm32f10x_md.o(.text)
    DMA1_Channel6_IRQHandler                 0x080001ab   Thumb Code     0  startup_stm32f10x_md.o(.text)
    DMA1_Channel7_IRQHandler                 0x080001ab   Thumb Code     0  startup_stm32f10x_md.o(.text)
    EXTI0_IRQHandler                         0x080001ab   Thumb Code     0  startup_stm32f10x_md.o(.text)
    EXTI15_10_IRQHandler                     0x080001ab   Thumb Code     0  startup_stm32f10x_md.o(.text)
    EXTI1_IRQHandler                         0x080001ab   Thumb Code     0  startup_stm32f10x_md.o(.text)
    EXTI2_IRQHandler                         0x080001ab   Thumb Code     0  startup_stm32f10x_md.o(.text)
    EXTI3_IRQHandler                         0x080001ab   Thumb Code     0  startup_stm32f10x_md.o(.text)
    EXTI4_IRQHandler                         0x080001ab   Thumb Code     0  startup_stm32f10x_md.o(.text)
    EXTI9_5_IRQHandler                       0x080001ab   Thumb Code     0  startup_stm32f10x_md.o(.text)
    FLASH_IRQHandler                         0x080001ab   Thumb Code     0  startup_stm32f10x_md.o(.text)
    I2C1_ER_IRQHandler                       0x080001ab   Thumb Code     0  startup_stm32f10x_md.o(.text)
    I2C1_EV_IRQHandler                       0x080001ab   Thumb Code     0  startup_stm32f10x_md.o(.text)
    I2C2_ER_IRQHandler                       0x080001ab   Thumb Code     0  startup_stm32f10x_md.o(.text)
    I2C2_EV_IRQHandler                       0x080001ab   Thumb Code     0  startup_stm32f10x_md.o(.text)
    PVD_IRQHandler                           0x080001ab   Thumb Code     0  startup_stm32f10x_md.o(.text)
    RCC_IRQHandler                           0x080001ab   Thumb Code     0  startup_stm32f10x_md.o(.text)
    RTCAlarm_IRQHandler                      0x080001ab   Thumb Code     0  startup_stm32f10x_md.o(.text)
    SPI1_IRQHandler                          0x080001ab   Thumb Code     0  startup_stm32f10x_md.o(.text)
    SPI2_IRQHandler                          0x080001ab   Thumb Code     0  startup_stm32f10x_md.o(.text)
    TAMPER_IRQHandler                        0x080001ab   Thumb Code     0  startup_stm32f10x_md.o(.text)
    TIM1_BRK_IRQHandler                      0x080001ab   Thumb Code     0  startup_stm32f10x_md.o(.text)
    TIM1_CC_IRQHandler                       0x080001ab   Thumb Code     0  startup_stm32f10x_md.o(.text)
    TIM1_TRG_COM_IRQHandler                  0x080001ab   Thumb Code     0  startup_stm32f10x_md.o(.text)
    TIM1_UP_IRQHandler                       0x080001ab   Thumb Code     0  startup_stm32f10x_md.o(.text)
    TIM2_IRQHandler                          0x080001ab   Thumb Code     0  startup_stm32f10x_md.o(.text)
    TIM3_IRQHandler                          0x080001ab   Thumb Code     0  startup_stm32f10x_md.o(.text)
    TIM4_IRQHandler                          0x080001ab   Thumb Code     0  startup_stm32f10x_md.o(.text)
    USART2_IRQHandler                        0x080001ab   Thumb Code     0  startup_stm32f10x_md.o(.text)
    USART3_IRQHandler                        0x080001ab   Thumb Code     0  startup_stm32f10x_md.o(.text)
    USBWakeUp_IRQHandler                     0x080001ab   Thumb Code     0  startup_stm32f10x_md.o(.text)
    USB_HP_CAN1_TX_IRQHandler                0x080001ab   Thumb Code     0  startup_stm32f10x_md.o(.text)
    USB_LP_CAN1_RX0_IRQHandler               0x080001ab   Thumb Code     0  startup_stm32f10x_md.o(.text)
    WWDG_IRQHandler                          0x080001ab   Thumb Code     0  startup_stm32f10x_md.o(.text)
    __user_initial_stackheap                 0x080001ad   Thumb Code     0  startup_stm32f10x_md.o(.text)
    __use_no_semihosting                     0x080001d1   Thumb Code     2  use_no_semi_2.o(.text)
    __2printf                                0x080001d5   Thumb Code    20  noretval__2printf.o(.text)
    __printf                                 0x080001ed   Thumb Code   104  __printf.o(.text)
    _printf_int_dec                          0x08000255   Thumb Code   104  _printf_dec.o(.text)
    strcat                                   0x080002cd   Thumb Code    24  strcat.o(.text)
    __aeabi_memcpy4                          0x080002e5   Thumb Code     0  rt_memcpy_w.o(.text)
    __aeabi_memcpy8                          0x080002e5   Thumb Code     0  rt_memcpy_w.o(.text)
    __rt_memcpy_w                            0x080002e5   Thumb Code   100  rt_memcpy_w.o(.text)
    _memcpy_lastbytes_aligned                0x0800032d   Thumb Code     0  rt_memcpy_w.o(.text)
    __use_two_region_memory                  0x08000349   Thumb Code     2  heapauxi.o(.text)
    __rt_heap_escrow$2region                 0x0800034b   Thumb Code     2  heapauxi.o(.text)
    __rt_heap_expand$2region                 0x0800034d   Thumb Code     2  heapauxi.o(.text)
    __I$use$semihosting                      0x0800034f   Thumb Code     0  use_no_semi.o(.text)
    __use_no_semihosting_swi                 0x0800034f   Thumb Code     2  use_no_semi.o(.text)
    _printf_int_common                       0x08000351   Thumb Code   178  _printf_intcommon.o(.text)
    _printf_char_file                        0x08000405   Thumb Code    32  _printf_char_file.o(.text)
    _printf_char_common                      0x08000433   Thumb Code    32  _printf_char_common.o(.text)
    ferror                                   0x08000459   Thumb Code     8  ferror.o(.text)
    __user_setup_stackheap                   0x08000461   Thumb Code    74  sys_stackheap_outer.o(.text)
    exit                                     0x080004ab   Thumb Code    18  exit.o(.text)
    __user_libspace                          0x080004bd   Thumb Code     8  libspace.o(.text)
    __user_perproc_libspace                  0x080004bd   Thumb Code     0  libspace.o(.text)
    __user_perthread_libspace                0x080004bd   Thumb Code     0  libspace.o(.text)
    ADC_Cmd                                  0x080004c5   Thumb Code    22  stm32f10x_adc.o(i.ADC_Cmd)
    ADC_DMACmd                               0x080004db   Thumb Code    22  stm32f10x_adc.o(i.ADC_DMACmd)
    ADC_ExternalTrigConvCmd                  0x080004f1   Thumb Code    22  stm32f10x_adc.o(i.ADC_ExternalTrigConvCmd)
    ADC_GetCalibrationStatus                 0x08000507   Thumb Code    20  stm32f10x_adc.o(i.ADC_GetCalibrationStatus)
    ADC_GetResetCalibrationStatus            0x0800051b   Thumb Code    20  stm32f10x_adc.o(i.ADC_GetResetCalibrationStatus)
    ADC_Init                                 0x08000531   Thumb Code    70  stm32f10x_adc.o(i.ADC_Init)
    ADC_RegularChannelConfig                 0x08000581   Thumb Code   184  stm32f10x_adc.o(i.ADC_RegularChannelConfig)
    ADC_ResetCalibration                     0x08000639   Thumb Code    10  stm32f10x_adc.o(i.ADC_ResetCalibration)
    ADC_StartCalibration                     0x08000643   Thumb Code    10  stm32f10x_adc.o(i.ADC_StartCalibration)
    Adc_Init                                 0x0800064d   Thumb Code   132  config.o(i.Adc_Init)
    BKP_DeInit                               0x080006d5   Thumb Code    16  stm32f10x_bkp.o(i.BKP_DeInit)
    BKP_ReadBackupRegister                   0x080006e5   Thumb Code    24  stm32f10x_bkp.o(i.BKP_ReadBackupRegister)
    BKP_WriteBackupRegister                  0x08000701   Thumb Code    22  stm32f10x_bkp.o(i.BKP_WriteBackupRegister)
    DMA1_Channel1_IRQHandler                 0x0800071d   Thumb Code   116  config.o(i.DMA1_Channel1_IRQHandler)
    DMA1_Init                                0x080007c9   Thumb Code   120  config.o(i.DMA1_Init)
    DMA_ClearITPendingBit                    0x0800084d   Thumb Code    18  stm32f10x_dma.o(i.DMA_ClearITPendingBit)
    DMA_Cmd                                  0x08000869   Thumb Code    24  stm32f10x_dma.o(i.DMA_Cmd)
    DMA_DeInit                               0x08000881   Thumb Code   324  stm32f10x_dma.o(i.DMA_DeInit)
    DMA_GetITStatus                          0x080009cd   Thumb Code    36  stm32f10x_dma.o(i.DMA_GetITStatus)
    DMA_ITConfig                             0x080009f9   Thumb Code    18  stm32f10x_dma.o(i.DMA_ITConfig)
    DMA_Init                                 0x08000a0b   Thumb Code    60  stm32f10x_dma.o(i.DMA_Init)
    GPIOA_Init                               0x08000a49   Thumb Code    38  config.o(i.GPIOA_Init)
    GPIO_Init                                0x08000a75   Thumb Code   278  stm32f10x_gpio.o(i.GPIO_Init)
    GPIO_PinRemapConfig                      0x08000b8d   Thumb Code   138  stm32f10x_gpio.o(i.GPIO_PinRemapConfig)
    GPIO_ResetBits                           0x08000c1d   Thumb Code     4  stm32f10x_gpio.o(i.GPIO_ResetBits)
    GPIO_SetBits                             0x08000c21   Thumb Code     4  stm32f10x_gpio.o(i.GPIO_SetBits)
    IIC_Start                                0x08000c25   Thumb Code    44  oled.o(i.IIC_Start)
    IIC_Stop                                 0x08000c55   Thumb Code    34  oled.o(i.IIC_Stop)
    IIC_Wait_Ack                             0x08000c7d   Thumb Code    24  oled.o(i.IIC_Wait_Ack)
    Is_Leap_Year                             0x08000c99   Thumb Code    58  rtc.o(i.Is_Leap_Year)
    NVIC_Init                                0x08000cd5   Thumb Code   100  misc.o(i.NVIC_Init)
    NVIC_PriorityGroupConfig                 0x08000d45   Thumb Code    10  misc.o(i.NVIC_PriorityGroupConfig)
    OLED_Clear                               0x08000d59   Thumb Code    62  oled.o(i.OLED_Clear)
    OLED_DrawPoint                           0x08000d99   Thumb Code   100  oled.o(i.OLED_DrawPoint)
    OLED_Init                                0x08000e01   Thumb Code   282  oled.o(i.OLED_Init)
    OLED_Refresh_Gram                        0x08000f21   Thumb Code    68  oled.o(i.OLED_Refresh_Gram)
    OLED_ShowChar                            0x08000f69   Thumb Code   254  oled.o(i.OLED_ShowChar)
    OLED_ShowString                          0x08001075   Thumb Code    94  oled.o(i.OLED_ShowString)
    OLED_WR_Byte                             0x080010d3   Thumb Code    24  oled.o(i.OLED_WR_Byte)
    PWR_BackupAccessCmd                      0x080010ed   Thumb Code     6  stm32f10x_pwr.o(i.PWR_BackupAccessCmd)
    RCC_ADCCLKConfig                         0x080010f9   Thumb Code    18  stm32f10x_rcc.o(i.RCC_ADCCLKConfig)
    RCC_AHBPeriphClockCmd                    0x08001111   Thumb Code    26  stm32f10x_rcc.o(i.RCC_AHBPeriphClockCmd)
    RCC_APB1PeriphClockCmd                   0x08001131   Thumb Code    26  stm32f10x_rcc.o(i.RCC_APB1PeriphClockCmd)
    RCC_APB1PeriphResetCmd                   0x08001151   Thumb Code    26  stm32f10x_rcc.o(i.RCC_APB1PeriphResetCmd)
    RCC_APB2PeriphClockCmd                   0x08001171   Thumb Code    26  stm32f10x_rcc.o(i.RCC_APB2PeriphClockCmd)
    RCC_APB2PeriphResetCmd                   0x08001191   Thumb Code    26  stm32f10x_rcc.o(i.RCC_APB2PeriphResetCmd)
    RCC_BackupResetCmd                       0x080011b1   Thumb Code     6  stm32f10x_rcc.o(i.RCC_BackupResetCmd)
    RCC_GetClocksFreq                        0x080011bd   Thumb Code   192  stm32f10x_rcc.o(i.RCC_GetClocksFreq)
    RCC_GetFlagStatus                        0x08001291   Thumb Code    56  stm32f10x_rcc.o(i.RCC_GetFlagStatus)
    RCC_LSEConfig                            0x080012cd   Thumb Code    46  stm32f10x_rcc.o(i.RCC_LSEConfig)
    RCC_RTCCLKCmd                            0x08001301   Thumb Code     6  stm32f10x_rcc.o(i.RCC_RTCCLKCmd)
    RCC_RTCCLKConfig                         0x0800130d   Thumb Code    12  stm32f10x_rcc.o(i.RCC_RTCCLKConfig)
    RTC_ClearITPendingBit                    0x0800131d   Thumb Code    12  stm32f10x_rtc.o(i.RTC_ClearITPendingBit)
    RTC_EnterConfigMode                      0x0800132d   Thumb Code    14  stm32f10x_rtc.o(i.RTC_EnterConfigMode)
    RTC_ExitConfigMode                       0x08001341   Thumb Code    16  stm32f10x_rtc.o(i.RTC_ExitConfigMode)
    RTC_Get                                  0x08001355   Thumb Code   242  rtc.o(i.RTC_Get)
    RTC_GetCounter                           0x08001459   Thumb Code    16  stm32f10x_rtc.o(i.RTC_GetCounter)
    RTC_GetITStatus                          0x0800146d   Thumb Code    32  stm32f10x_rtc.o(i.RTC_GetITStatus)
    RTC_Get_Week                             0x08001491   Thumb Code   116  rtc.o(i.RTC_Get_Week)
    RTC_IRQHandler                           0x08001509   Thumb Code    76  rtc.o(i.RTC_IRQHandler)
    RTC_ITConfig                             0x08001579   Thumb Code    26  stm32f10x_rtc.o(i.RTC_ITConfig)
    RTC_Init                                 0x08001599   Thumb Code   192  rtc.o(i.RTC_Init)
    RTC_Set                                  0x08001679   Thumb Code   184  rtc.o(i.RTC_Set)
    RTC_SetCounter                           0x08001741   Thumb Code    24  stm32f10x_rtc.o(i.RTC_SetCounter)
    RTC_SetPrescaler                         0x0800175d   Thumb Code    26  stm32f10x_rtc.o(i.RTC_SetPrescaler)
    RTC_WaitForLastTask                      0x0800177d   Thumb Code    16  stm32f10x_rtc.o(i.RTC_WaitForLastTask)
    RTC_WaitForSynchro                       0x08001791   Thumb Code    30  stm32f10x_rtc.o(i.RTC_WaitForSynchro)
    SysTick_CLKSourceConfig                  0x0800189d   Thumb Code    40  misc.o(i.SysTick_CLKSourceConfig)
    SystemInit                               0x080018c5   Thumb Code    78  system_stm32f10x.o(i.SystemInit)
    TIM2_Init                                0x08001925   Thumb Code    96  config.o(i.TIM2_Init)
    TIM3_PWM_Init                            0x08001985   Thumb Code   130  config.o(i.TIM3_PWM_Init)
    TIM_Cmd                                  0x08001a15   Thumb Code    24  stm32f10x_tim.o(i.TIM_Cmd)
    TIM_CtrlPWMOutputs                       0x08001a2d   Thumb Code    30  stm32f10x_tim.o(i.TIM_CtrlPWMOutputs)
    TIM_OC2Init                              0x08001a4d   Thumb Code   154  stm32f10x_tim.o(i.TIM_OC2Init)
    TIM_OC2PreloadConfig                     0x08001af1   Thumb Code    26  stm32f10x_tim.o(i.TIM_OC2PreloadConfig)
    TIM_SetCompare2                          0x08001b0b   Thumb Code     4  stm32f10x_tim.o(i.TIM_SetCompare2)
    TIM_TimeBaseInit                         0x08001b11   Thumb Code   122  stm32f10x_tim.o(i.TIM_TimeBaseInit)
    USART1_IRQHandler                        0x08001bb5   Thumb Code   122  usart.o(i.USART1_IRQHandler)
    USART_Cmd                                0x08001c3d   Thumb Code    24  stm32f10x_usart.o(i.USART_Cmd)
    USART_DeInit                             0x08001c55   Thumb Code   134  stm32f10x_usart.o(i.USART_DeInit)
    USART_GetITStatus                        0x08001cf1   Thumb Code    84  stm32f10x_usart.o(i.USART_GetITStatus)
    USART_ITConfig                           0x08001d45   Thumb Code    74  stm32f10x_usart.o(i.USART_ITConfig)
    USART_Init                               0x08001d91   Thumb Code   210  stm32f10x_usart.o(i.USART_Init)
    USART_ReceiveData                        0x08001e69   Thumb Code    10  stm32f10x_usart.o(i.USART_ReceiveData)
    Write_IIC_Byte                           0x08001e75   Thumb Code    88  oled.o(i.Write_IIC_Byte)
    Write_IIC_Command                        0x08001ed1   Thumb Code    44  oled.o(i.Write_IIC_Command)
    Write_IIC_Data                           0x08001efd   Thumb Code    44  oled.o(i.Write_IIC_Data)
    _sys_exit                                0x08001f29   Thumb Code     4  usart.o(i._sys_exit)
    delay_init                               0x08001f2d   Thumb Code    50  delay.o(i.delay_init)
    delay_ms                                 0x08001f71   Thumb Code    72  delay.o(i.delay_ms)
    fputc                                    0x08001fbd   Thumb Code    24  usart.o(i.fputc)
    itoa                                     0x08001fd9   Thumb Code   150  oled.o(i.itoa)
    main                                     0x08002099   Thumb Code   122  main.o(i.main)
    map                                      0x0800211d   Thumb Code    72  config.o(i.map)
    usart_init                               0x08002165   Thumb Code   162  usart.o(i.usart_init)
    __aeabi_fadd                             0x08002211   Thumb Code     0  faddsub_clz.o(x$fpl$fadd)
    _fadd                                    0x08002211   Thumb Code   196  faddsub_clz.o(x$fpl$fadd)
    __aeabi_fdiv                             0x080022d5   Thumb Code     0  fdiv.o(x$fpl$fdiv)
    _fdiv                                    0x080022d5   Thumb Code   384  fdiv.o(x$fpl$fdiv)
    __aeabi_f2iz                             0x08002459   Thumb Code     0  ffix.o(x$fpl$ffix)
    _ffix                                    0x08002459   Thumb Code    54  ffix.o(x$fpl$ffix)
    __aeabi_i2f                              0x08002491   Thumb Code     0  fflt_clz.o(x$fpl$fflt)
    _fflt                                    0x08002491   Thumb Code    48  fflt_clz.o(x$fpl$fflt)
    __aeabi_fmul                             0x080024c1   Thumb Code     0  fmul.o(x$fpl$fmul)
    _fmul                                    0x080024c1   Thumb Code   258  fmul.o(x$fpl$fmul)
    __fpl_fnaninf                            0x080025c3   Thumb Code   140  fnaninf.o(x$fpl$fnaninf)
    __fpl_fretinf                            0x0800264f   Thumb Code    10  fretinf.o(x$fpl$fretinf)
    __aeabi_fsub                             0x08002659   Thumb Code     0  faddsub_clz.o(x$fpl$fsub)
    _fsub                                    0x08002659   Thumb Code   234  faddsub_clz.o(x$fpl$fsub)
    __I$use$fp                               0x08002742   Number         0  usenofp.o(x$fpl$usenofp)
    asc2_1206                                0x08002742   Data        1140  oled.o(.constdata)
    asc2_1608                                0x08002bb6   Data        1520  oled.o(.constdata)
    asc2_2412                                0x080031a6   Data        3420  oled.o(.constdata)
    F6x8                                     0x08003f02   Data         552  oled.o(.constdata)
    F8X16                                    0x0800412a   Data        1520  oled.o(.constdata)
    table_week                               0x0800471a   Data          12  rtc.o(.constdata)
    mon_table                                0x08004726   Data          12  rtc.o(.constdata)
    Region$$Table$$Base                      0x08004734   Number         0  anon$$obj.o(Region$$Table)
    Region$$Table$$Limit                     0x08004754   Number         0  anon$$obj.o(Region$$Table)
    PWM1value                                0x20000000   Data           2  config.o(.data)
    __stdout                                 0x20000008   Data           4  usart.o(.data)
    USART_RX_STA                             0x2000000c   Data           2  usart.o(.data)
    SystemCoreClock                          0x20000010   Data           4  system_stm32f10x.o(.data)
    AHBPrescTable                            0x20000014   Data          16  system_stm32f10x.o(.data)
    ch1Value                                 0x20000038   Data          20  config.o(.bss)
    USART_RX_BUF                             0x2000004c   Data         200  usart.o(.bss)
    OLED_GRAM                                0x20000114   Data        1024  oled.o(.bss)
    calendar                                 0x20000514   Data          10  rtc.o(.bss)
    __libspace_start                         0x20000520   Data          96  libspace.o(.bss)
    __temporary_stack_top$libspace           0x20000580   Data           0  libspace.o(.bss)



==============================================================================

Memory Map of the image

  Image Entry point : 0x08000191

  Load Region LR_1 (Base: 0x08000000, Size: 0x0000478c, Max: 0xffffffff, ABSOLUTE)

    Execution Region ER_RO (Exec base: 0x08000000, Load base: 0x08000000, Size: 0x00004754, Max: 0xffffffff, ABSOLUTE)

    Exec Addr    Load Addr    Size         Type   Attr      Idx    E Section Name        Object

    0x08000000   0x08000000   0x000000ec   Data   RO          601    RESET               startup_stm32f10x_md.o
    0x080000ec   0x080000ec   0x00000008   Code   RO         2760  * !!!main             c_w.l(__main.o)
    0x080000f4   0x080000f4   0x00000034   Code   RO         2955    !!!scatter          c_w.l(__scatter.o)
    0x08000128   0x08000128   0x0000001a   Code   RO         2957    !!handler_copy      c_w.l(__scatter_copy.o)
    0x08000142   0x08000142   0x00000002   PAD
    0x08000144   0x08000144   0x0000001c   Code   RO         2959    !!handler_zi        c_w.l(__scatter_zi.o)
    0x08000160   0x08000160   0x00000000   Code   RO         2753    .ARM.Collect$$_printf_percent$$00000000  c_w.l(_printf_percent.o)
    0x08000160   0x08000160   0x00000006   Code   RO         2752    .ARM.Collect$$_printf_percent$$00000009  c_w.l(_printf_d.o)
    0x08000166   0x08000166   0x00000004   Code   RO         2791    .ARM.Collect$$_printf_percent$$00000017  c_w.l(_printf_percent_end.o)
    0x0800016a   0x0800016a   0x00000002   Code   RO         2829    .ARM.Collect$$libinit$$00000000  c_w.l(libinit.o)
    0x0800016c   0x0800016c   0x00000000   Code   RO         2836    .ARM.Collect$$libinit$$00000002  c_w.l(libinit2.o)
    0x0800016c   0x0800016c   0x00000000   Code   RO         2838    .ARM.Collect$$libinit$$00000004  c_w.l(libinit2.o)
    0x0800016c   0x0800016c   0x00000000   Code   RO         2841    .ARM.Collect$$libinit$$0000000A  c_w.l(libinit2.o)
    0x0800016c   0x0800016c   0x00000000   Code   RO         2843    .ARM.Collect$$libinit$$0000000C  c_w.l(libinit2.o)
    0x0800016c   0x0800016c   0x00000000   Code   RO         2845    .ARM.Collect$$libinit$$0000000E  c_w.l(libinit2.o)
    0x0800016c   0x0800016c   0x00000000   Code   RO         2848    .ARM.Collect$$libinit$$00000011  c_w.l(libinit2.o)
    0x0800016c   0x0800016c   0x00000000   Code   RO         2850    .ARM.Collect$$libinit$$00000013  c_w.l(libinit2.o)
    0x0800016c   0x0800016c   0x00000000   Code   RO         2852    .ARM.Collect$$libinit$$00000015  c_w.l(libinit2.o)
    0x0800016c   0x0800016c   0x00000000   Code   RO         2854    .ARM.Collect$$libinit$$00000017  c_w.l(libinit2.o)
    0x0800016c   0x0800016c   0x00000000   Code   RO         2856    .ARM.Collect$$libinit$$00000019  c_w.l(libinit2.o)
    0x0800016c   0x0800016c   0x00000000   Code   RO         2858    .ARM.Collect$$libinit$$0000001B  c_w.l(libinit2.o)
    0x0800016c   0x0800016c   0x00000000   Code   RO         2860    .ARM.Collect$$libinit$$0000001D  c_w.l(libinit2.o)
    0x0800016c   0x0800016c   0x00000000   Code   RO         2862    .ARM.Collect$$libinit$$0000001F  c_w.l(libinit2.o)
    0x0800016c   0x0800016c   0x00000000   Code   RO         2864    .ARM.Collect$$libinit$$00000021  c_w.l(libinit2.o)
    0x0800016c   0x0800016c   0x00000000   Code   RO         2866    .ARM.Collect$$libinit$$00000023  c_w.l(libinit2.o)
    0x0800016c   0x0800016c   0x00000000   Code   RO         2868    .ARM.Collect$$libinit$$00000025  c_w.l(libinit2.o)
    0x0800016c   0x0800016c   0x00000000   Code   RO         2872    .ARM.Collect$$libinit$$0000002C  c_w.l(libinit2.o)
    0x0800016c   0x0800016c   0x00000000   Code   RO         2874    .ARM.Collect$$libinit$$0000002E  c_w.l(libinit2.o)
    0x0800016c   0x0800016c   0x00000000   Code   RO         2876    .ARM.Collect$$libinit$$00000030  c_w.l(libinit2.o)
    0x0800016c   0x0800016c   0x00000000   Code   RO         2878    .ARM.Collect$$libinit$$00000032  c_w.l(libinit2.o)
    0x0800016c   0x0800016c   0x00000002   Code   RO         2879    .ARM.Collect$$libinit$$00000033  c_w.l(libinit2.o)
    0x0800016e   0x0800016e   0x00000002   Code   RO         2897    .ARM.Collect$$libshutdown$$00000000  c_w.l(libshutdown.o)
    0x08000170   0x08000170   0x00000000   Code   RO         2907    .ARM.Collect$$libshutdown$$00000002  c_w.l(libshutdown2.o)
    0x08000170   0x08000170   0x00000000   Code   RO         2909    .ARM.Collect$$libshutdown$$00000004  c_w.l(libshutdown2.o)
    0x08000170   0x08000170   0x00000000   Code   RO         2912    .ARM.Collect$$libshutdown$$00000007  c_w.l(libshutdown2.o)
    0x08000170   0x08000170   0x00000000   Code   RO         2915    .ARM.Collect$$libshutdown$$0000000A  c_w.l(libshutdown2.o)
    0x08000170   0x08000170   0x00000000   Code   RO         2917    .ARM.Collect$$libshutdown$$0000000C  c_w.l(libshutdown2.o)
    0x08000170   0x08000170   0x00000000   Code   RO         2920    .ARM.Collect$$libshutdown$$0000000F  c_w.l(libshutdown2.o)
    0x08000170   0x08000170   0x00000002   Code   RO         2921    .ARM.Collect$$libshutdown$$00000010  c_w.l(libshutdown2.o)
    0x08000172   0x08000172   0x00000000   Code   RO         2786    .ARM.Collect$$rtentry$$00000000  c_w.l(__rtentry.o)
    0x08000172   0x08000172   0x00000000   Code   RO         2798    .ARM.Collect$$rtentry$$00000002  c_w.l(__rtentry2.o)
    0x08000172   0x08000172   0x00000006   Code   RO         2810    .ARM.Collect$$rtentry$$00000004  c_w.l(__rtentry4.o)
    0x08000178   0x08000178   0x00000000   Code   RO         2800    .ARM.Collect$$rtentry$$00000009  c_w.l(__rtentry2.o)
    0x08000178   0x08000178   0x00000004   Code   RO         2801    .ARM.Collect$$rtentry$$0000000A  c_w.l(__rtentry2.o)
    0x0800017c   0x0800017c   0x00000000   Code   RO         2803    .ARM.Collect$$rtentry$$0000000C  c_w.l(__rtentry2.o)
    0x0800017c   0x0800017c   0x00000008   Code   RO         2804    .ARM.Collect$$rtentry$$0000000D  c_w.l(__rtentry2.o)
    0x08000184   0x08000184   0x00000002   Code   RO         2833    .ARM.Collect$$rtexit$$00000000  c_w.l(rtexit.o)
    0x08000186   0x08000186   0x00000000   Code   RO         2881    .ARM.Collect$$rtexit$$00000002  c_w.l(rtexit2.o)
    0x08000186   0x08000186   0x00000004   Code   RO         2882    .ARM.Collect$$rtexit$$00000003  c_w.l(rtexit2.o)
    0x0800018a   0x0800018a   0x00000006   Code   RO         2883    .ARM.Collect$$rtexit$$00000004  c_w.l(rtexit2.o)
    0x08000190   0x08000190   0x00000040   Code   RO          602  * .text               startup_stm32f10x_md.o
    0x080001d0   0x080001d0   0x00000002   Code   RO         2722    .text               c_w.l(use_no_semi_2.o)
    0x080001d2   0x080001d2   0x00000002   PAD
    0x080001d4   0x080001d4   0x00000018   Code   RO         2726    .text               c_w.l(noretval__2printf.o)
    0x080001ec   0x080001ec   0x00000068   Code   RO         2728    .text               c_w.l(__printf.o)
    0x08000254   0x08000254   0x00000078   Code   RO         2730    .text               c_w.l(_printf_dec.o)
    0x080002cc   0x080002cc   0x00000018   Code   RO         2754    .text               c_w.l(strcat.o)
    0x080002e4   0x080002e4   0x00000064   Code   RO         2756    .text               c_w.l(rt_memcpy_w.o)
    0x08000348   0x08000348   0x00000006   Code   RO         2758    .text               c_w.l(heapauxi.o)
    0x0800034e   0x0800034e   0x00000002   Code   RO         2784    .text               c_w.l(use_no_semi.o)
    0x08000350   0x08000350   0x000000b2   Code   RO         2787    .text               c_w.l(_printf_intcommon.o)
    0x08000402   0x08000402   0x00000002   PAD
    0x08000404   0x08000404   0x00000024   Code   RO         2789    .text               c_w.l(_printf_char_file.o)
    0x08000428   0x08000428   0x00000030   Code   RO         2812    .text               c_w.l(_printf_char_common.o)
    0x08000458   0x08000458   0x00000008   Code   RO         2814    .text               c_w.l(ferror.o)
    0x08000460   0x08000460   0x0000004a   Code   RO         2818    .text               c_w.l(sys_stackheap_outer.o)
    0x080004aa   0x080004aa   0x00000012   Code   RO         2822    .text               c_w.l(exit.o)
    0x080004bc   0x080004bc   0x00000008   Code   RO         2830    .text               c_w.l(libspace.o)
    0x080004c4   0x080004c4   0x00000016   Code   RO          709    i.ADC_Cmd           stm32f10x_adc.o
    0x080004da   0x080004da   0x00000016   Code   RO          710    i.ADC_DMACmd        stm32f10x_adc.o
    0x080004f0   0x080004f0   0x00000016   Code   RO          714    i.ADC_ExternalTrigConvCmd  stm32f10x_adc.o
    0x08000506   0x08000506   0x00000014   Code   RO          717    i.ADC_GetCalibrationStatus  stm32f10x_adc.o
    0x0800051a   0x0800051a   0x00000014   Code   RO          723    i.ADC_GetResetCalibrationStatus  stm32f10x_adc.o
    0x0800052e   0x0800052e   0x00000002   PAD
    0x08000530   0x08000530   0x00000050   Code   RO          727    i.ADC_Init          stm32f10x_adc.o
    0x08000580   0x08000580   0x000000b8   Code   RO          731    i.ADC_RegularChannelConfig  stm32f10x_adc.o
    0x08000638   0x08000638   0x0000000a   Code   RO          732    i.ADC_ResetCalibration  stm32f10x_adc.o
    0x08000642   0x08000642   0x0000000a   Code   RO          736    i.ADC_StartCalibration  stm32f10x_adc.o
    0x0800064c   0x0800064c   0x00000088   Code   RO          127    i.Adc_Init          config.o
    0x080006d4   0x080006d4   0x00000010   Code   RO          939    i.BKP_DeInit        stm32f10x_bkp.o
    0x080006e4   0x080006e4   0x0000001c   Code   RO          944    i.BKP_ReadBackupRegister  stm32f10x_bkp.o
    0x08000700   0x08000700   0x0000001c   Code   RO          948    i.BKP_WriteBackupRegister  stm32f10x_bkp.o
    0x0800071c   0x0800071c   0x000000ac   Code   RO          128    i.DMA1_Channel1_IRQHandler  config.o
    0x080007c8   0x080007c8   0x00000084   Code   RO          129    i.DMA1_Init         config.o
    0x0800084c   0x0800084c   0x0000001c   Code   RO         1028    i.DMA_ClearITPendingBit  stm32f10x_dma.o
    0x08000868   0x08000868   0x00000018   Code   RO         1029    i.DMA_Cmd           stm32f10x_dma.o
    0x08000880   0x08000880   0x0000014c   Code   RO         1030    i.DMA_DeInit        stm32f10x_dma.o
    0x080009cc   0x080009cc   0x0000002c   Code   RO         1033    i.DMA_GetITStatus   stm32f10x_dma.o
    0x080009f8   0x080009f8   0x00000012   Code   RO         1034    i.DMA_ITConfig      stm32f10x_dma.o
    0x08000a0a   0x08000a0a   0x0000003c   Code   RO         1035    i.DMA_Init          stm32f10x_dma.o
    0x08000a46   0x08000a46   0x00000002   PAD
    0x08000a48   0x08000a48   0x0000002c   Code   RO          130    i.GPIOA_Init        config.o
    0x08000a74   0x08000a74   0x00000116   Code   RO         1249    i.GPIO_Init         stm32f10x_gpio.o
    0x08000b8a   0x08000b8a   0x00000002   PAD
    0x08000b8c   0x08000b8c   0x00000090   Code   RO         1251    i.GPIO_PinRemapConfig  stm32f10x_gpio.o
    0x08000c1c   0x08000c1c   0x00000004   Code   RO         1256    i.GPIO_ResetBits    stm32f10x_gpio.o
    0x08000c20   0x08000c20   0x00000004   Code   RO         1257    i.GPIO_SetBits      stm32f10x_gpio.o
    0x08000c24   0x08000c24   0x00000030   Code   RO          355    i.IIC_Start         oled.o
    0x08000c54   0x08000c54   0x00000028   Code   RO          356    i.IIC_Stop          oled.o
    0x08000c7c   0x08000c7c   0x0000001c   Code   RO          357    i.IIC_Wait_Ack      oled.o
    0x08000c98   0x08000c98   0x0000003a   Code   RO          525    i.Is_Leap_Year      rtc.o
    0x08000cd2   0x08000cd2   0x00000002   PAD
    0x08000cd4   0x08000cd4   0x00000070   Code   RO          655    i.NVIC_Init         misc.o
    0x08000d44   0x08000d44   0x00000014   Code   RO          656    i.NVIC_PriorityGroupConfig  misc.o
    0x08000d58   0x08000d58   0x0000003e   Code   RO          358    i.OLED_Clear        oled.o
    0x08000d96   0x08000d96   0x00000002   PAD
    0x08000d98   0x08000d98   0x00000068   Code   RO          362    i.OLED_DrawPoint    oled.o
    0x08000e00   0x08000e00   0x00000120   Code   RO          364    i.OLED_Init         oled.o
    0x08000f20   0x08000f20   0x00000048   Code   RO          365    i.OLED_Refresh_Gram  oled.o
    0x08000f68   0x08000f68   0x0000010c   Code   RO          368    i.OLED_ShowChar     oled.o
    0x08001074   0x08001074   0x0000005e   Code   RO          370    i.OLED_ShowString   oled.o
    0x080010d2   0x080010d2   0x00000018   Code   RO          371    i.OLED_WR_Byte      oled.o
    0x080010ea   0x080010ea   0x00000002   PAD
    0x080010ec   0x080010ec   0x0000000c   Code   RO         1585    i.PWR_BackupAccessCmd  stm32f10x_pwr.o
    0x080010f8   0x080010f8   0x00000018   Code   RO         1657    i.RCC_ADCCLKConfig  stm32f10x_rcc.o
    0x08001110   0x08001110   0x00000020   Code   RO         1658    i.RCC_AHBPeriphClockCmd  stm32f10x_rcc.o
    0x08001130   0x08001130   0x00000020   Code   RO         1659    i.RCC_APB1PeriphClockCmd  stm32f10x_rcc.o
    0x08001150   0x08001150   0x00000020   Code   RO         1660    i.RCC_APB1PeriphResetCmd  stm32f10x_rcc.o
    0x08001170   0x08001170   0x00000020   Code   RO         1661    i.RCC_APB2PeriphClockCmd  stm32f10x_rcc.o
    0x08001190   0x08001190   0x00000020   Code   RO         1662    i.RCC_APB2PeriphResetCmd  stm32f10x_rcc.o
    0x080011b0   0x080011b0   0x0000000c   Code   RO         1664    i.RCC_BackupResetCmd  stm32f10x_rcc.o
    0x080011bc   0x080011bc   0x000000d4   Code   RO         1669    i.RCC_GetClocksFreq  stm32f10x_rcc.o
    0x08001290   0x08001290   0x0000003c   Code   RO         1670    i.RCC_GetFlagStatus  stm32f10x_rcc.o
    0x080012cc   0x080012cc   0x00000034   Code   RO         1677    i.RCC_LSEConfig     stm32f10x_rcc.o
    0x08001300   0x08001300   0x0000000c   Code   RO         1684    i.RCC_RTCCLKCmd     stm32f10x_rcc.o
    0x0800130c   0x0800130c   0x00000010   Code   RO         1685    i.RCC_RTCCLKConfig  stm32f10x_rcc.o
    0x0800131c   0x0800131c   0x00000010   Code   RO         1870    i.RTC_ClearITPendingBit  stm32f10x_rtc.o
    0x0800132c   0x0800132c   0x00000014   Code   RO         1871    i.RTC_EnterConfigMode  stm32f10x_rtc.o
    0x08001340   0x08001340   0x00000014   Code   RO         1872    i.RTC_ExitConfigMode  stm32f10x_rtc.o
    0x08001354   0x08001354   0x00000104   Code   RO          527    i.RTC_Get           rtc.o
    0x08001458   0x08001458   0x00000014   Code   RO         1873    i.RTC_GetCounter    stm32f10x_rtc.o
    0x0800146c   0x0800146c   0x00000024   Code   RO         1876    i.RTC_GetITStatus   stm32f10x_rtc.o
    0x08001490   0x08001490   0x00000078   Code   RO          528    i.RTC_Get_Week      rtc.o
    0x08001508   0x08001508   0x00000070   Code   RO          529    i.RTC_IRQHandler    rtc.o
    0x08001578   0x08001578   0x00000020   Code   RO         1877    i.RTC_ITConfig      stm32f10x_rtc.o
    0x08001598   0x08001598   0x000000c0   Code   RO          530    i.RTC_Init          rtc.o
    0x08001658   0x08001658   0x00000020   Code   RO          531    i.RTC_NVIC_Config   rtc.o
    0x08001678   0x08001678   0x000000c8   Code   RO          532    i.RTC_Set           rtc.o
    0x08001740   0x08001740   0x0000001c   Code   RO         1879    i.RTC_SetCounter    stm32f10x_rtc.o
    0x0800175c   0x0800175c   0x00000020   Code   RO         1880    i.RTC_SetPrescaler  stm32f10x_rtc.o
    0x0800177c   0x0800177c   0x00000014   Code   RO         1881    i.RTC_WaitForLastTask  stm32f10x_rtc.o
    0x08001790   0x08001790   0x00000024   Code   RO         1882    i.RTC_WaitForSynchro  stm32f10x_rtc.o
    0x080017b4   0x080017b4   0x00000008   Code   RO          609    i.SetSysClock       system_stm32f10x.o
    0x080017bc   0x080017bc   0x000000e0   Code   RO          610    i.SetSysClockTo72   system_stm32f10x.o
    0x0800189c   0x0800189c   0x00000028   Code   RO          659    i.SysTick_CLKSourceConfig  misc.o
    0x080018c4   0x080018c4   0x00000060   Code   RO          612    i.SystemInit        system_stm32f10x.o
    0x08001924   0x08001924   0x00000060   Code   RO          133    i.TIM2_Init         config.o
    0x08001984   0x08001984   0x00000090   Code   RO          134    i.TIM3_PWM_Init     config.o
    0x08001a14   0x08001a14   0x00000018   Code   RO         1987    i.TIM_Cmd           stm32f10x_tim.o
    0x08001a2c   0x08001a2c   0x0000001e   Code   RO         1989    i.TIM_CtrlPWMOutputs  stm32f10x_tim.o
    0x08001a4a   0x08001a4a   0x00000002   PAD
    0x08001a4c   0x08001a4c   0x000000a4   Code   RO         2021    i.TIM_OC2Init       stm32f10x_tim.o
    0x08001af0   0x08001af0   0x0000001a   Code   RO         2024    i.TIM_OC2PreloadConfig  stm32f10x_tim.o
    0x08001b0a   0x08001b0a   0x00000004   Code   RO         2049    i.TIM_SetCompare2   stm32f10x_tim.o
    0x08001b0e   0x08001b0e   0x00000002   PAD
    0x08001b10   0x08001b10   0x000000a4   Code   RO         2058    i.TIM_TimeBaseInit  stm32f10x_tim.o
    0x08001bb4   0x08001bb4   0x00000088   Code   RO          262    i.USART1_IRQHandler  usart.o
    0x08001c3c   0x08001c3c   0x00000018   Code   RO         2535    i.USART_Cmd         stm32f10x_usart.o
    0x08001c54   0x08001c54   0x0000009c   Code   RO         2537    i.USART_DeInit      stm32f10x_usart.o
    0x08001cf0   0x08001cf0   0x00000054   Code   RO         2539    i.USART_GetITStatus  stm32f10x_usart.o
    0x08001d44   0x08001d44   0x0000004a   Code   RO         2541    i.USART_ITConfig    stm32f10x_usart.o
    0x08001d8e   0x08001d8e   0x00000002   PAD
    0x08001d90   0x08001d90   0x000000d8   Code   RO         2542    i.USART_Init        stm32f10x_usart.o
    0x08001e68   0x08001e68   0x0000000a   Code   RO         2549    i.USART_ReceiveData  stm32f10x_usart.o
    0x08001e72   0x08001e72   0x00000002   PAD
    0x08001e74   0x08001e74   0x0000005c   Code   RO          372    i.Write_IIC_Byte    oled.o
    0x08001ed0   0x08001ed0   0x0000002c   Code   RO          373    i.Write_IIC_Command  oled.o
    0x08001efc   0x08001efc   0x0000002c   Code   RO          374    i.Write_IIC_Data    oled.o
    0x08001f28   0x08001f28   0x00000004   Code   RO          263    i._sys_exit         usart.o
    0x08001f2c   0x08001f2c   0x00000044   Code   RO          224    i.delay_init        delay.o
    0x08001f70   0x08001f70   0x0000004c   Code   RO          225    i.delay_ms          delay.o
    0x08001fbc   0x08001fbc   0x0000001c   Code   RO          264    i.fputc             usart.o
    0x08001fd8   0x08001fd8   0x000000c0   Code   RO          376    i.itoa              oled.o
    0x08002098   0x08002098   0x00000084   Code   RO            4    i.main              main.o
    0x0800211c   0x0800211c   0x00000048   Code   RO          135    i.map               config.o
    0x08002164   0x08002164   0x000000ac   Code   RO          265    i.usart_init        usart.o
    0x08002210   0x08002210   0x000000c4   Code   RO         2762    x$fpl$fadd          fz_ws.l(faddsub_clz.o)
    0x080022d4   0x080022d4   0x00000184   Code   RO         2769    x$fpl$fdiv          fz_ws.l(fdiv.o)
    0x08002458   0x08002458   0x00000036   Code   RO         2772    x$fpl$ffix          fz_ws.l(ffix.o)
    0x0800248e   0x0800248e   0x00000002   PAD
    0x08002490   0x08002490   0x00000030   Code   RO         2777    x$fpl$fflt          fz_ws.l(fflt_clz.o)
    0x080024c0   0x080024c0   0x00000102   Code   RO         2782    x$fpl$fmul          fz_ws.l(fmul.o)
    0x080025c2   0x080025c2   0x0000008c   Code   RO         2792    x$fpl$fnaninf       fz_ws.l(fnaninf.o)
    0x0800264e   0x0800264e   0x0000000a   Code   RO         2794    x$fpl$fretinf       fz_ws.l(fretinf.o)
    0x08002658   0x08002658   0x000000ea   Code   RO         2764    x$fpl$fsub          fz_ws.l(faddsub_clz.o)
    0x08002742   0x08002742   0x00000000   Code   RO         2796    x$fpl$usenofp       fz_ws.l(usenofp.o)
    0x08002742   0x08002742   0x00001fd8   Data   RO          379    .constdata          oled.o
    0x0800471a   0x0800471a   0x00000018   Data   RO          534    .constdata          rtc.o
    0x08004732   0x08004732   0x00000002   PAD
    0x08004734   0x08004734   0x00000020   Data   RO         2953    Region$$Table       anon$$obj.o


    Execution Region ER_RW (Exec base: 0x20000000, Load base: 0x08004754, Size: 0x00000038, Max: 0xffffffff, ABSOLUTE)

    Exec Addr    Load Addr    Size         Type   Attr      Idx    E Section Name        Object

    0x20000000   0x08004754   0x00000002   Data   RW          137    .data               config.o
    0x20000002   0x08004756   0x00000004   Data   RW          227    .data               delay.o
    0x20000006   0x0800475a   0x00000002   PAD
    0x20000008   0x0800475c   0x00000006   Data   RW          267    .data               usart.o
    0x2000000e   0x08004762   0x00000002   Data   RW          535    .data               rtc.o
    0x20000010   0x08004764   0x00000014   Data   RW          613    .data               system_stm32f10x.o
    0x20000024   0x08004778   0x00000014   Data   RW         1689    .data               stm32f10x_rcc.o


    Execution Region ER_ZI (Exec base: 0x20000038, Load base: 0x0800478c, Size: 0x00000b48, Max: 0xffffffff, ABSOLUTE)

    Exec Addr    Load Addr    Size         Type   Attr      Idx    E Section Name        Object

    0x20000038        -       0x00000014   Zero   RW          136    .bss                config.o
    0x2000004c        -       0x000000c8   Zero   RW          266    .bss                usart.o
    0x20000114        -       0x00000400   Zero   RW          378    .bss                oled.o
    0x20000514        -       0x0000000a   Zero   RW          533    .bss                rtc.o
    0x2000051e   0x0800478c   0x00000002   PAD
    0x20000520        -       0x00000060   Zero   RW         2831    .bss                c_w.l(libspace.o)
    0x20000580        -       0x00000200   Zero   RW          600    HEAP                startup_stm32f10x_md.o
    0x20000780        -       0x00000400   Zero   RW          599    STACK               startup_stm32f10x_md.o


==============================================================================

Image component sizes


      Code (inc. data)   RO Data    RW Data    ZI Data      Debug   Object Name

       796         92          0          2         20       4710   config.o
       144         22          0          4          0       1024   delay.o
       132         10          0          0          0     271711   main.o
       172         22          0          0          0       2401   misc.o
      1400         88       8152          0       1024       9179   oled.o
       974         74         24          2         10       5170   rtc.o
        64         26        236          0       1536        792   startup_stm32f10x_md.o
       390         10          0          0          0       8004   stm32f10x_adc.o
        72         10          0          0          0       3036   stm32f10x_bkp.o
       506         26          0          0          0       5611   stm32f10x_dma.o
       430          6          0          0          0       4250   stm32f10x_gpio.o
        12          6          0          0          0        554   stm32f10x_pwr.o
       548         82          0         20          0      10139   stm32f10x_rcc.o
       260         48          0          0          0       5588   stm32f10x_rtc.o
       412         52          0          0          0       4617   stm32f10x_tim.o
       564         28          0          0          0       6081   stm32f10x_usart.o
       328         28          0         20          0       2273   system_stm32f10x.o
       340         28          0          6        200       3941   usart.o

    ----------------------------------------------------------------------
      7564        658       8446         56       2792     349081   Object Totals
         0          0         32          0          0          0   (incl. Generated)
        20          0          2          2          2          0   (incl. Padding)

    ----------------------------------------------------------------------

      Code (inc. data)   RO Data    RW Data    ZI Data      Debug   Library Member Name

         8          0          0          0          0         68   __main.o
       104          0          0          0          0         84   __printf.o
         0          0          0          0          0          0   __rtentry.o
        12          0          0          0          0          0   __rtentry2.o
         6          0          0          0          0          0   __rtentry4.o
        52          8          0          0          0          0   __scatter.o
        26          0          0          0          0          0   __scatter_copy.o
        28          0          0          0          0          0   __scatter_zi.o
        48          6          0          0          0         96   _printf_char_common.o
        36          4          0          0          0         80   _printf_char_file.o
         6          0          0          0          0          0   _printf_d.o
       120         16          0          0          0         92   _printf_dec.o
       178          0          0          0          0         88   _printf_intcommon.o
         0          0          0          0          0          0   _printf_percent.o
         4          0          0          0          0          0   _printf_percent_end.o
        18          0          0          0          0         80   exit.o
         8          0          0          0          0         68   ferror.o
         6          0          0          0          0        152   heapauxi.o
         2          0          0          0          0          0   libinit.o
         2          0          0          0          0          0   libinit2.o
         2          0          0          0          0          0   libshutdown.o
         2          0          0          0          0          0   libshutdown2.o
         8          4          0          0         96         68   libspace.o
        24          4          0          0          0         84   noretval__2printf.o
       100          0          0          0          0         80   rt_memcpy_w.o
         2          0          0          0          0          0   rtexit.o
        10          0          0          0          0          0   rtexit2.o
        24          0          0          0          0         68   strcat.o
        74          0          0          0          0         80   sys_stackheap_outer.o
         2          0          0          0          0         68   use_no_semi.o
         2          0          0          0          0         68   use_no_semi_2.o
       430          8          0          0          0        168   faddsub_clz.o
       388         76          0          0          0         96   fdiv.o
        54          4          0          0          0         84   ffix.o
        48          0          0          0          0         68   fflt_clz.o
       258          4          0          0          0         84   fmul.o
       140          4          0          0          0         84   fnaninf.o
        10          0          0          0          0         68   fretinf.o
         0          0          0          0          0          0   usenofp.o

    ----------------------------------------------------------------------
      2250        138          0          0         96       1976   Library Totals
         8          0          0          0          0          0   (incl. Padding)

    ----------------------------------------------------------------------

      Code (inc. data)   RO Data    RW Data    ZI Data      Debug   Library Name

       914         42          0          0         96       1324   c_w.l
      1328         96          0          0          0        652   fz_ws.l

    ----------------------------------------------------------------------
      2250        138          0          0         96       1976   Library Totals

    ----------------------------------------------------------------------

==============================================================================


      Code (inc. data)   RO Data    RW Data    ZI Data      Debug   

      9814        796       8446         56       2888     345177   Grand Totals
      9814        796       8446         56       2888     345177   ELF Image Totals
      9814        796       8446         56          0          0   ROM Totals

==============================================================================

    Total RO  Size (Code + RO Data)                18260 (  17.83kB)
    Total RW  Size (RW Data + ZI Data)              2944 (   2.88kB)
    Total ROM Size (Code + RO Data + RW Data)      18316 (  17.89kB)

==============================================================================

